Component: ARM Compiler 5.06 update 6 (build 750) Tool: armlink [4d35ed]

==============================================================================

Section Cross References

    main.o(.text) refers to parser.o(.text) for parser_init
    main.o(.text) refers to delay.o(.text) for delay_init
    main.o(.text) refers to misc.o(.text) for NVIC_PriorityGroupConfig
    main.o(.text) refers to usart.o(.text) for uart_init
    main.o(.text) refers to led.o(.text) for LED_Init
    main.o(.text) refers to key.o(.text) for KEY_Init
    main.o(.text) refers to oled_i2c.o(.text) for I2C_Configuration
    main.o(.text) refers to stm32f10x_usart.o(.text) for USART_GetFlagStatus
    main.o(.text) refers to distance.o(.text) for get_distance
    main.o(.text) refers to usart.o(.data) for data_back
    system_stm32f10x.o(.text) refers to system_stm32f10x.o(.data) for SystemCoreClock
    led.o(.text) refers to stm32f10x_rcc.o(.text) for RCC_APB2PeriphClockCmd
    led.o(.text) refers to stm32f10x_gpio.o(.text) for GPIO_Init
    key.o(.text) refers to stm32f10x_rcc.o(.text) for RCC_APB2PeriphClockCmd
    key.o(.text) refers to stm32f10x_gpio.o(.text) for GPIO_Init
    key.o(.text) refers to delay.o(.text) for delay_ms
    key.o(.text) refers to key.o(.data) for key_up
    oled_i2c.o(.text) refers to stm32f10x_rcc.o(.text) for RCC_APB1PeriphClockCmd
    oled_i2c.o(.text) refers to stm32f10x_gpio.o(.text) for GPIO_Init
    oled_i2c.o(.text) refers to stm32f10x_i2c.o(.text) for I2C_DeInit
    oled_i2c.o(.text) refers to delay.o(.text) for delay_ms
    oled_i2c.o(.text) refers to oled_i2c.o(.constdata) for F6x8
    oled_i2c.o(.text) refers to oled_i2c.o(.data) for F16x16
    delay.o(.text) refers to misc.o(.text) for SysTick_CLKSourceConfig
    delay.o(.text) refers to system_stm32f10x.o(.data) for SystemCoreClock
    delay.o(.text) refers to delay.o(.data) for fac_us
    usart.o(.text) refers to stm32f10x_rcc.o(.text) for RCC_APB2PeriphClockCmd
    usart.o(.text) refers to stm32f10x_gpio.o(.text) for GPIO_Init
    usart.o(.text) refers to misc.o(.text) for NVIC_Init
    usart.o(.text) refers to stm32f10x_usart.o(.text) for USART_Init
    usart.o(.text) refers to parser.o(.text) for parser_put_data
    usart.o(.text) refers to usart.o(.data) for data_parser
    usart.o(.text) refers to usart.o(.bss) for USART2_RX_BUF
    parser.o(.text) refers to malloc.o(i.malloc) for malloc
    parser.o(.text) refers to queue.o(.text) for init_queue
    parser.o(.text) refers to malloc.o(i.free) for free
    queue.o(.text) refers to malloc.o(i.malloc) for malloc
    queue.o(.text) refers to malloc.o(i.free) for free
    distance.o(.text) refers to stm32f10x_usart.o(.text) for USART_SendData
    distance.o(.text) refers to usart.o(.data) for id
    startup_stm32f10x_md.o(RESET) refers to startup_stm32f10x_md.o(STACK) for __initial_sp
    startup_stm32f10x_md.o(RESET) refers to startup_stm32f10x_md.o(.text) for Reset_Handler
    startup_stm32f10x_md.o(RESET) refers to stm32f10x_it.o(.text) for NMI_Handler
    startup_stm32f10x_md.o(RESET) refers to usart.o(.text) for USART1_IRQHandler
    startup_stm32f10x_md.o(.text) refers to system_stm32f10x.o(.text) for SystemInit
    startup_stm32f10x_md.o(.text) refers to entry.o(.ARM.Collect$$$$00000000) for __main
    stm32f10x_gpio.o(.text) refers to stm32f10x_rcc.o(.text) for RCC_APB2PeriphResetCmd
    stm32f10x_rcc.o(.text) refers to stm32f10x_rcc.o(.data) for APBAHBPrescTable
    stm32f10x_usart.o(.text) refers to stm32f10x_rcc.o(.text) for RCC_APB2PeriphResetCmd
    stm32f10x_i2c.o(.text) refers to stm32f10x_rcc.o(.text) for RCC_APB1PeriphResetCmd
    entry.o(.ARM.Collect$$$$00000000) refers (Special) to entry10a.o(.ARM.Collect$$$$0000000D) for __rt_final_cpp
    entry.o(.ARM.Collect$$$$00000000) refers (Special) to entry11a.o(.ARM.Collect$$$$0000000F) for __rt_final_exit
    entry.o(.ARM.Collect$$$$00000000) refers (Special) to entry7b.o(.ARM.Collect$$$$00000008) for _main_clock
    entry.o(.ARM.Collect$$$$00000000) refers (Special) to entry8b.o(.ARM.Collect$$$$0000000A) for _main_cpp_init
    entry.o(.ARM.Collect$$$$00000000) refers (Special) to entry9a.o(.ARM.Collect$$$$0000000B) for _main_init
    entry.o(.ARM.Collect$$$$00000000) refers (Special) to entry5.o(.ARM.Collect$$$$00000004) for _main_scatterload
    entry.o(.ARM.Collect$$$$00000000) refers (Special) to entry2.o(.ARM.Collect$$$$00000001) for _main_stk
    malloc.o(i.free) refers to mvars.o(.data) for __microlib_freelist
    malloc.o(i.malloc) refers to mvars.o(.data) for __microlib_freelist_initialised
    malloc.o(i.malloc) refers to mvars.o(.data) for __microlib_freelist
    malloc.o(i.malloc) refers to startup_stm32f10x_md.o(HEAP) for __heap_base
    mallocr.o(i.__free$realloc) refers to mvars.o(.data) for __microlib_freelist
    mallocr.o(i.__malloc$realloc) refers to mallocr.o(i.internal_alloc) for internal_alloc
    mallocr.o(i.__malloc$realloc) refers to mvars.o(.data) for __microlib_freelist_initialised
    mallocr.o(i.__malloc$realloc) refers to startup_stm32f10x_md.o(HEAP) for __heap_base
    mallocr.o(i.__malloc$realloc) refers to mvars.o(.data) for __microlib_freelist
    mallocr.o(i.internal_alloc) refers to memcpya.o(.text) for __aeabi_memcpy
    mallocr.o(i.internal_alloc) refers to mvars.o(.data) for __microlib_freelist
    mallocr.o(i.realloc) refers to mallocr.o(i.__free$realloc) for __free$realloc
    mallocr.o(i.realloc) refers to mallocr.o(i.internal_alloc) for internal_alloc
    mallocr.o(i.realloc) refers to mallocr.o(i.__malloc$realloc) for __malloc$realloc
    mallocr.o(i.realloc) refers to mvars.o(.data) for __microlib_freelist
    malloca.o(i.__aligned_malloc) refers to mvars.o(.data) for __microlib_freelist_initialised
    malloca.o(i.__aligned_malloc) refers to mvars.o(.data) for __microlib_freelist
    malloca.o(i.__aligned_malloc) refers to startup_stm32f10x_md.o(HEAP) for __heap_base
    malloca.o(i.__free$memalign) refers to mvars.o(.data) for __microlib_freelist
    malloca.o(i.__malloc$memalign) refers to malloca.o(i.__aligned_malloc) for __aligned_malloc
    mallocra.o(i.__aligned_malloc$realloc) refers to mallocra.o(i.internal_alloc) for internal_alloc
    mallocra.o(i.__aligned_malloc$realloc) refers to mvars.o(.data) for __microlib_freelist_initialised
    mallocra.o(i.__aligned_malloc$realloc) refers to startup_stm32f10x_md.o(HEAP) for __heap_base
    mallocra.o(i.__aligned_malloc$realloc) refers to mvars.o(.data) for __microlib_freelist
    mallocra.o(i.__free$realloc$memalign) refers to mvars.o(.data) for __microlib_freelist
    mallocra.o(i.__malloc$realloc$memalign) refers to mallocra.o(i.__aligned_malloc$realloc) for __aligned_malloc$realloc
    mallocra.o(i.__realloc$memalign) refers to mallocra.o(i.__free$realloc$memalign) for __free$realloc$memalign
    mallocra.o(i.__realloc$memalign) refers to mallocra.o(i.internal_alloc) for internal_alloc
    mallocra.o(i.__realloc$memalign) refers to mallocra.o(i.__malloc$realloc$memalign) for __malloc$realloc$memalign
    mallocra.o(i.__realloc$memalign) refers to mvars.o(.data) for __microlib_freelist
    mallocra.o(i.internal_alloc) refers to memcpya.o(.text) for __aeabi_memcpy
    mallocra.o(i.internal_alloc) refers to mvars.o(.data) for __microlib_freelist
    entry2.o(.ARM.Collect$$$$00000001) refers to entry2.o(.ARM.Collect$$$$00002712) for __lit__00000000
    entry2.o(.ARM.Collect$$$$00002712) refers to startup_stm32f10x_md.o(STACK) for __initial_sp
    entry2.o(__vectab_stack_and_reset_area) refers to startup_stm32f10x_md.o(STACK) for __initial_sp
    entry2.o(__vectab_stack_and_reset_area) refers to entry.o(.ARM.Collect$$$$00000000) for __main
    entry5.o(.ARM.Collect$$$$00000004) refers to init.o(.text) for __scatterload
    entry9a.o(.ARM.Collect$$$$0000000B) refers to main.o(.text) for main
    entry9b.o(.ARM.Collect$$$$0000000C) refers to main.o(.text) for main
    init.o(.text) refers to entry5.o(.ARM.Collect$$$$00000004) for __main_after_scatterload


==============================================================================

Removing Unused input sections from the image.

    Removing sys.o(.emb_text), (6 bytes).
    Removing sys.o(.text), (12 bytes).
    Removing core_cm3.o(.emb_text), (32 bytes).

3 unused section(s) (total 50 bytes) removed from the image.

==============================================================================

Image Symbol Table

    Local Symbols

    Symbol Name                              Value     Ov Type        Size  Object(Section)

    ../clib/../cmprslib/zerorunl2.c          0x00000000   Number         0  __dczerorl2.o ABSOLUTE
    ../clib/microlib/init/entry.s            0x00000000   Number         0  entry8a.o ABSOLUTE
    ../clib/microlib/init/entry.s            0x00000000   Number         0  entry10a.o ABSOLUTE
    ../clib/microlib/init/entry.s            0x00000000   Number         0  entry9b.o ABSOLUTE
    ../clib/microlib/init/entry.s            0x00000000   Number         0  entry7b.o ABSOLUTE
    ../clib/microlib/init/entry.s            0x00000000   Number         0  entry7a.o ABSOLUTE
    ../clib/microlib/init/entry.s            0x00000000   Number         0  entry9a.o ABSOLUTE
    ../clib/microlib/init/entry.s            0x00000000   Number         0  entry2.o ABSOLUTE
    ../clib/microlib/init/entry.s            0x00000000   Number         0  entry10b.o ABSOLUTE
    ../clib/microlib/init/entry.s            0x00000000   Number         0  entry5.o ABSOLUTE
    ../clib/microlib/init/entry.s            0x00000000   Number         0  entry11b.o ABSOLUTE
    ../clib/microlib/init/entry.s            0x00000000   Number         0  entry.o ABSOLUTE
    ../clib/microlib/init/entry.s            0x00000000   Number         0  entry11a.o ABSOLUTE
    ../clib/microlib/init/entry.s            0x00000000   Number         0  entry8b.o ABSOLUTE
    ../clib/microlib/malloc/malloc.c         0x00000000   Number         0  mallocr.o ABSOLUTE
    ../clib/microlib/malloc/malloc.c         0x00000000   Number         0  mallocra.o ABSOLUTE
    ../clib/microlib/malloc/malloc.c         0x00000000   Number         0  malloc.o ABSOLUTE
    ../clib/microlib/malloc/malloc.c         0x00000000   Number         0  malloca.o ABSOLUTE
    ../clib/microlib/malloc/mvars.c          0x00000000   Number         0  mvars.o ABSOLUTE
    ../clib/microlib/string/memcpy.c         0x00000000   Number         0  memcpyb.o ABSOLUTE
    ../clib/microlib/string/memcpy.c         0x00000000   Number         0  memcpya.o ABSOLUTE
    ../clib/microlib/stubs.s                 0x00000000   Number         0  useno.o ABSOLUTE
    ..\CORE\core_cm3.c                       0x00000000   Number         0  core_cm3.o ABSOLUTE
    ..\CORE\startup_stm32f10x_md.s           0x00000000   Number         0  startup_stm32f10x_md.o ABSOLUTE
    ..\HARDWARE\KEY\key.c                    0x00000000   Number         0  key.o ABSOLUTE
    ..\HARDWARE\LED\led.c                    0x00000000   Number         0  led.o ABSOLUTE
    ..\HARDWARE\OLED\OLED_I2C.c              0x00000000   Number         0  oled_i2c.o ABSOLUTE
    ..\HARDWARE\RFID\rfid.c                  0x00000000   Number         0  rfid.o ABSOLUTE
    ..\STM32F10x_FWLib\src\misc.c            0x00000000   Number         0  misc.o ABSOLUTE
    ..\STM32F10x_FWLib\src\stm32f10x_gpio.c  0x00000000   Number         0  stm32f10x_gpio.o ABSOLUTE
    ..\STM32F10x_FWLib\src\stm32f10x_i2c.c   0x00000000   Number         0  stm32f10x_i2c.o ABSOLUTE
    ..\STM32F10x_FWLib\src\stm32f10x_rcc.c   0x00000000   Number         0  stm32f10x_rcc.o ABSOLUTE
    ..\STM32F10x_FWLib\src\stm32f10x_usart.c 0x00000000   Number         0  stm32f10x_usart.o ABSOLUTE
    ..\SYSTEM\delay\delay.c                  0x00000000   Number         0  delay.o ABSOLUTE
    ..\SYSTEM\distance\distance.c            0x00000000   Number         0  distance.o ABSOLUTE
    ..\SYSTEM\parser\parser.c                0x00000000   Number         0  parser.o ABSOLUTE
    ..\SYSTEM\queue\queue.c                  0x00000000   Number         0  queue.o ABSOLUTE
    ..\SYSTEM\sys\sys.c                      0x00000000   Number         0  sys.o ABSOLUTE
    ..\SYSTEM\usart\usart.c                  0x00000000   Number         0  usart.o ABSOLUTE
    ..\\CORE\\core_cm3.c                     0x00000000   Number         0  core_cm3.o ABSOLUTE
    ..\\SYSTEM\\sys\\sys.c                   0x00000000   Number         0  sys.o ABSOLUTE
    dc.s                                     0x00000000   Number         0  dc.o ABSOLUTE
    handlers.s                               0x00000000   Number         0  handlers.o ABSOLUTE
    init.s                                   0x00000000   Number         0  init.o ABSOLUTE
    main.c                                   0x00000000   Number         0  main.o ABSOLUTE
    stm32f10x_it.c                           0x00000000   Number         0  stm32f10x_it.o ABSOLUTE
    system_stm32f10x.c                       0x00000000   Number         0  system_stm32f10x.o ABSOLUTE
    RESET                                    0x08000000   Section      236  startup_stm32f10x_md.o(RESET)
    .ARM.Collect$$$$00000000                 0x080000ec   Section        0  entry.o(.ARM.Collect$$$$00000000)
    .ARM.Collect$$$$00000001                 0x080000ec   Section        4  entry2.o(.ARM.Collect$$$$00000001)
    .ARM.Collect$$$$00000004                 0x080000f0   Section        4  entry5.o(.ARM.Collect$$$$00000004)
    .ARM.Collect$$$$00000008                 0x080000f4   Section        0  entry7b.o(.ARM.Collect$$$$00000008)
    .ARM.Collect$$$$0000000A                 0x080000f4   Section        0  entry8b.o(.ARM.Collect$$$$0000000A)
    .ARM.Collect$$$$0000000B                 0x080000f4   Section        8  entry9a.o(.ARM.Collect$$$$0000000B)
    .ARM.Collect$$$$0000000D                 0x080000fc   Section        0  entry10a.o(.ARM.Collect$$$$0000000D)
    .ARM.Collect$$$$0000000F                 0x080000fc   Section        0  entry11a.o(.ARM.Collect$$$$0000000F)
    .ARM.Collect$$$$00002712                 0x080000fc   Section        4  entry2.o(.ARM.Collect$$$$00002712)
    __lit__00000000                          0x080000fc   Data           4  entry2.o(.ARM.Collect$$$$00002712)
    .text                                    0x08000100   Section        0  main.o(.text)
    .text                                    0x08000368   Section        0  stm32f10x_it.o(.text)
    .text                                    0x08000384   Section        0  system_stm32f10x.o(.text)
    SetSysClockTo72                          0x08000385   Thumb Code   214  system_stm32f10x.o(.text)
    SetSysClock                              0x0800045b   Thumb Code     8  system_stm32f10x.o(.text)
    .text                                    0x08000564   Section        0  led.o(.text)
    .text                                    0x080005b0   Section        0  key.o(.text)
    .text                                    0x080006ac   Section        0  oled_i2c.o(.text)
    .text                                    0x08000cb8   Section        0  delay.o(.text)
    .text                                    0x08000d8c   Section        0  usart.o(.text)
    .text                                    0x08000fcc   Section        0  parser.o(.text)
    .text                                    0x08001126   Section        0  queue.o(.text)
    .text                                    0x08001214   Section        0  distance.o(.text)
    .text                                    0x08001274   Section       36  startup_stm32f10x_md.o(.text)
    .text                                    0x08001298   Section        0  misc.o(.text)
    .text                                    0x08001374   Section        0  stm32f10x_gpio.o(.text)
    .text                                    0x080016d0   Section        0  stm32f10x_rcc.o(.text)
    .text                                    0x08001a74   Section        0  stm32f10x_usart.o(.text)
    .text                                    0x08001e7c   Section        0  stm32f10x_i2c.o(.text)
    .text                                    0x08002280   Section       36  init.o(.text)
    .text                                    0x080022a4   Section        0  __dczerorl2.o(.text)
    i.__scatterload_copy                     0x080022fa   Section       14  handlers.o(i.__scatterload_copy)
    i.__scatterload_null                     0x08002308   Section        2  handlers.o(i.__scatterload_null)
    i.__scatterload_zeroinit                 0x0800230a   Section       14  handlers.o(i.__scatterload_zeroinit)
    i.free                                   0x08002318   Section        0  malloc.o(i.free)
    i.malloc                                 0x08002368   Section        0  malloc.o(i.malloc)
    .constdata                               0x080023d4   Section     2072  oled_i2c.o(.constdata)
    .data                                    0x20000000   Section       20  system_stm32f10x.o(.data)
    .data                                    0x20000014   Section        1  key.o(.data)
    key_up                                   0x20000014   Data           1  key.o(.data)
    .data                                    0x20000015   Section     1184  oled_i2c.o(.data)
    .data                                    0x200004b6   Section        4  delay.o(.data)
    fac_us                                   0x200004b6   Data           1  delay.o(.data)
    fac_ms                                   0x200004b8   Data           2  delay.o(.data)
    .data                                    0x200004bc   Section       16  usart.o(.data)
    .data                                    0x200004cc   Section       20  stm32f10x_rcc.o(.data)
    APBAHBPrescTable                         0x200004cc   Data          16  stm32f10x_rcc.o(.data)
    ADCPrescTable                            0x200004dc   Data           4  stm32f10x_rcc.o(.data)
    .data                                    0x200004e0   Section        4  mvars.o(.data)
    .data                                    0x200004e4   Section        4  mvars.o(.data)
    .bss                                     0x200004e8   Section      400  usart.o(.bss)
    HEAP                                     0x20000678   Section      512  startup_stm32f10x_md.o(HEAP)
    STACK                                    0x20000878   Section     1024  startup_stm32f10x_md.o(STACK)

    Global Symbols

    Symbol Name                              Value     Ov Type        Size  Object(Section)

    BuildAttributes$$THM_ISAv4$P$D$K$B$S$PE$A:L22UL41UL21$X:L11$S22US41US21$IEEE1$IW$USESV6$~STKCKD$USESV7$~SHL$OSPACE$EBA8$MICROLIB$REQ8$PRES8$EABIv2 0x00000000   Number         0  anon$$obj.o ABSOLUTE
    __ARM_use_no_argv                        0x00000000   Number         0  main.o ABSOLUTE
    __use_no_errno                           0x00000000   Number         0  useno.o ABSOLUTE
    __use_no_exception_handling              0x00000000   Number         0  useno.o ABSOLUTE
    __use_no_fp                              0x00000000   Number         0  useno.o ABSOLUTE
    __use_no_heap                            0x00000000   Number         0  useno.o ABSOLUTE
    __use_no_heap_region                     0x00000000   Number         0  useno.o ABSOLUTE
    __use_no_semihosting                     0x00000000   Number         0  useno.o ABSOLUTE
    __use_no_semihosting_swi                 0x00000000   Number         0  useno.o ABSOLUTE
    __use_no_signal_handling                 0x00000000   Number         0  useno.o ABSOLUTE
    __cpp_initialize__aeabi_                  - Undefined Weak Reference
    __cxa_finalize                            - Undefined Weak Reference
    _clock_init                               - Undefined Weak Reference
    _microlib_exit                            - Undefined Weak Reference
    __Vectors_Size                           0x000000ec   Number         0  startup_stm32f10x_md.o ABSOLUTE
    __Vectors                                0x08000000   Data           4  startup_stm32f10x_md.o(RESET)
    __Vectors_End                            0x080000ec   Data           0  startup_stm32f10x_md.o(RESET)
    __main                                   0x080000ed   Thumb Code     0  entry.o(.ARM.Collect$$$$00000000)
    _main_stk                                0x080000ed   Thumb Code     0  entry2.o(.ARM.Collect$$$$00000001)
    _main_scatterload                        0x080000f1   Thumb Code     0  entry5.o(.ARM.Collect$$$$00000004)
    __main_after_scatterload                 0x080000f5   Thumb Code     0  entry5.o(.ARM.Collect$$$$00000004)
    _main_clock                              0x080000f5   Thumb Code     0  entry7b.o(.ARM.Collect$$$$00000008)
    _main_cpp_init                           0x080000f5   Thumb Code     0  entry8b.o(.ARM.Collect$$$$0000000A)
    _main_init                               0x080000f5   Thumb Code     0  entry9a.o(.ARM.Collect$$$$0000000B)
    __rt_final_cpp                           0x080000fd   Thumb Code     0  entry10a.o(.ARM.Collect$$$$0000000D)
    __rt_final_exit                          0x080000fd   Thumb Code     0  entry11a.o(.ARM.Collect$$$$0000000F)
    main                                     0x08000101   Thumb Code   532  main.o(.text)
    NMI_Handler                              0x08000369   Thumb Code     2  stm32f10x_it.o(.text)
    HardFault_Handler                        0x0800036b   Thumb Code     4  stm32f10x_it.o(.text)
    MemManage_Handler                        0x0800036f   Thumb Code     4  stm32f10x_it.o(.text)
    BusFault_Handler                         0x08000373   Thumb Code     4  stm32f10x_it.o(.text)
    UsageFault_Handler                       0x08000377   Thumb Code     4  stm32f10x_it.o(.text)
    SVC_Handler                              0x0800037b   Thumb Code     2  stm32f10x_it.o(.text)
    DebugMon_Handler                         0x0800037d   Thumb Code     2  stm32f10x_it.o(.text)
    PendSV_Handler                           0x0800037f   Thumb Code     2  stm32f10x_it.o(.text)
    SysTick_Handler                          0x08000381   Thumb Code     2  stm32f10x_it.o(.text)
    SystemInit                               0x08000463   Thumb Code    78  system_stm32f10x.o(.text)
    SystemCoreClockUpdate                    0x080004b1   Thumb Code   142  system_stm32f10x.o(.text)
    LED_Init                                 0x08000565   Thumb Code    68  led.o(.text)
    KEY_Init                                 0x080005b1   Thumb Code    52  key.o(.text)
    KEY_Scan                                 0x080005e5   Thumb Code   188  key.o(.text)
    I2C_Configuration                        0x080006ad   Thumb Code   110  oled_i2c.o(.text)
    I2C_WriteByte                            0x0800071b   Thumb Code   126  oled_i2c.o(.text)
    WriteCmd                                 0x08000799   Thumb Code    14  oled_i2c.o(.text)
    WriteDat                                 0x080007a7   Thumb Code    14  oled_i2c.o(.text)
    OLED_Init                                0x080007b5   Thumb Code   178  oled_i2c.o(.text)
    OLED_SetPos                              0x08000867   Thumb Code    40  oled_i2c.o(.text)
    OLED_Fill                                0x0800088f   Thumb Code    58  oled_i2c.o(.text)
    OLED_CLS                                 0x080008c9   Thumb Code    10  oled_i2c.o(.text)
    OLED_ON                                  0x080008d3   Thumb Code    22  oled_i2c.o(.text)
    OLED_OFF                                 0x080008e9   Thumb Code    22  oled_i2c.o(.text)
    OLED_ShowStr                             0x080008ff   Thumb Code   228  oled_i2c.o(.text)
    OLED_ShowCN                              0x080009e3   Thumb Code    80  oled_i2c.o(.text)
    OLED_DrawBMP                             0x08000a33   Thumb Code   116  oled_i2c.o(.text)
    OLED_ShowChar                            0x08000aa7   Thumb Code   204  oled_i2c.o(.text)
    OLED_Pow                                 0x08000b73   Thumb Code    22  oled_i2c.o(.text)
    OLED_ShowNum                             0x08000b89   Thumb Code   294  oled_i2c.o(.text)
    delay_init                               0x08000cb9   Thumb Code    50  delay.o(.text)
    delay_us                                 0x08000ceb   Thumb Code    72  delay.o(.text)
    delay_ms                                 0x08000d33   Thumb Code    72  delay.o(.text)
    _sys_exit                                0x08000d8d   Thumb Code     6  usart.o(.text)
    fputc                                    0x08000d93   Thumb Code    24  usart.o(.text)
    uart_init                                0x08000dab   Thumb Code   152  usart.o(.text)
    USART1_IRQHandler                        0x08000e43   Thumb Code    80  usart.o(.text)
    uart2_init                               0x08000e93   Thumb Code   154  usart.o(.text)
    USART2_IRQHandler                        0x08000f2d   Thumb Code   122  usart.o(.text)
    parser_init                              0x08000fcd   Thumb Code   100  parser.o(.text)
    parser_put_data                          0x08001031   Thumb Code   134  parser.o(.text)
    parser_get_data                          0x080010b7   Thumb Code    44  parser.o(.text)
    parser_reset                             0x080010e3   Thumb Code    42  parser.o(.text)
    parser_release                           0x0800110d   Thumb Code    26  parser.o(.text)
    init_queue                               0x08001127   Thumb Code    22  queue.o(.text)
    en_queue                                 0x0800113d   Thumb Code   110  queue.o(.text)
    de_queue                                 0x080011ab   Thumb Code    66  queue.o(.text)
    clear_queue                              0x080011ed   Thumb Code    20  queue.o(.text)
    release_queue                            0x08001201   Thumb Code    20  queue.o(.text)
    get_distance                             0x08001215   Thumb Code    14  distance.o(.text)
    send_distance                            0x08001223   Thumb Code    74  distance.o(.text)
    Reset_Handler                            0x08001275   Thumb Code     8  startup_stm32f10x_md.o(.text)
    ADC1_2_IRQHandler                        0x0800128f   Thumb Code     0  startup_stm32f10x_md.o(.text)
    CAN1_RX1_IRQHandler                      0x0800128f   Thumb Code     0  startup_stm32f10x_md.o(.text)
    CAN1_SCE_IRQHandler                      0x0800128f   Thumb Code     0  startup_stm32f10x_md.o(.text)
    DMA1_Channel1_IRQHandler                 0x0800128f   Thumb Code     0  startup_stm32f10x_md.o(.text)
    DMA1_Channel2_IRQHandler                 0x0800128f   Thumb Code     0  startup_stm32f10x_md.o(.text)
    DMA1_Channel3_IRQHandler                 0x0800128f   Thumb Code     0  startup_stm32f10x_md.o(.text)
    DMA1_Channel4_IRQHandler                 0x0800128f   Thumb Code     0  startup_stm32f10x_md.o(.text)
    DMA1_Channel5_IRQHandler                 0x0800128f   Thumb Code     0  startup_stm32f10x_md.o(.text)
    DMA1_Channel6_IRQHandler                 0x0800128f   Thumb Code     0  startup_stm32f10x_md.o(.text)
    DMA1_Channel7_IRQHandler                 0x0800128f   Thumb Code     0  startup_stm32f10x_md.o(.text)
    EXTI0_IRQHandler                         0x0800128f   Thumb Code     0  startup_stm32f10x_md.o(.text)
    EXTI15_10_IRQHandler                     0x0800128f   Thumb Code     0  startup_stm32f10x_md.o(.text)
    EXTI1_IRQHandler                         0x0800128f   Thumb Code     0  startup_stm32f10x_md.o(.text)
    EXTI2_IRQHandler                         0x0800128f   Thumb Code     0  startup_stm32f10x_md.o(.text)
    EXTI3_IRQHandler                         0x0800128f   Thumb Code     0  startup_stm32f10x_md.o(.text)
    EXTI4_IRQHandler                         0x0800128f   Thumb Code     0  startup_stm32f10x_md.o(.text)
    EXTI9_5_IRQHandler                       0x0800128f   Thumb Code     0  startup_stm32f10x_md.o(.text)
    FLASH_IRQHandler                         0x0800128f   Thumb Code     0  startup_stm32f10x_md.o(.text)
    I2C1_ER_IRQHandler                       0x0800128f   Thumb Code     0  startup_stm32f10x_md.o(.text)
    I2C1_EV_IRQHandler                       0x0800128f   Thumb Code     0  startup_stm32f10x_md.o(.text)
    I2C2_ER_IRQHandler                       0x0800128f   Thumb Code     0  startup_stm32f10x_md.o(.text)
    I2C2_EV_IRQHandler                       0x0800128f   Thumb Code     0  startup_stm32f10x_md.o(.text)
    PVD_IRQHandler                           0x0800128f   Thumb Code     0  startup_stm32f10x_md.o(.text)
    RCC_IRQHandler                           0x0800128f   Thumb Code     0  startup_stm32f10x_md.o(.text)
    RTCAlarm_IRQHandler                      0x0800128f   Thumb Code     0  startup_stm32f10x_md.o(.text)
    RTC_IRQHandler                           0x0800128f   Thumb Code     0  startup_stm32f10x_md.o(.text)
    SPI1_IRQHandler                          0x0800128f   Thumb Code     0  startup_stm32f10x_md.o(.text)
    SPI2_IRQHandler                          0x0800128f   Thumb Code     0  startup_stm32f10x_md.o(.text)
    TAMPER_IRQHandler                        0x0800128f   Thumb Code     0  startup_stm32f10x_md.o(.text)
    TIM1_BRK_IRQHandler                      0x0800128f   Thumb Code     0  startup_stm32f10x_md.o(.text)
    TIM1_CC_IRQHandler                       0x0800128f   Thumb Code     0  startup_stm32f10x_md.o(.text)
    TIM1_TRG_COM_IRQHandler                  0x0800128f   Thumb Code     0  startup_stm32f10x_md.o(.text)
    TIM1_UP_IRQHandler                       0x0800128f   Thumb Code     0  startup_stm32f10x_md.o(.text)
    TIM2_IRQHandler                          0x0800128f   Thumb Code     0  startup_stm32f10x_md.o(.text)
    TIM3_IRQHandler                          0x0800128f   Thumb Code     0  startup_stm32f10x_md.o(.text)
    TIM4_IRQHandler                          0x0800128f   Thumb Code     0  startup_stm32f10x_md.o(.text)
    USART3_IRQHandler                        0x0800128f   Thumb Code     0  startup_stm32f10x_md.o(.text)
    USBWakeUp_IRQHandler                     0x0800128f   Thumb Code     0  startup_stm32f10x_md.o(.text)
    USB_HP_CAN1_TX_IRQHandler                0x0800128f   Thumb Code     0  startup_stm32f10x_md.o(.text)
    USB_LP_CAN1_RX0_IRQHandler               0x0800128f   Thumb Code     0  startup_stm32f10x_md.o(.text)
    WWDG_IRQHandler                          0x0800128f   Thumb Code     0  startup_stm32f10x_md.o(.text)
    NVIC_PriorityGroupConfig                 0x08001299   Thumb Code    10  misc.o(.text)
    NVIC_Init                                0x080012a3   Thumb Code   100  misc.o(.text)
    NVIC_SetVectorTable                      0x08001307   Thumb Code    14  misc.o(.text)
    NVIC_SystemLPConfig                      0x08001315   Thumb Code    34  misc.o(.text)
    SysTick_CLKSourceConfig                  0x08001337   Thumb Code    40  misc.o(.text)
    GPIO_DeInit                              0x08001375   Thumb Code   172  stm32f10x_gpio.o(.text)
    GPIO_AFIODeInit                          0x08001421   Thumb Code    20  stm32f10x_gpio.o(.text)
    GPIO_Init                                0x08001435   Thumb Code   278  stm32f10x_gpio.o(.text)
    GPIO_StructInit                          0x0800154b   Thumb Code    16  stm32f10x_gpio.o(.text)
    GPIO_ReadInputDataBit                    0x0800155b   Thumb Code    18  stm32f10x_gpio.o(.text)
    GPIO_ReadInputData                       0x0800156d   Thumb Code     8  stm32f10x_gpio.o(.text)
    GPIO_ReadOutputDataBit                   0x08001575   Thumb Code    18  stm32f10x_gpio.o(.text)
    GPIO_ReadOutputData                      0x08001587   Thumb Code     8  stm32f10x_gpio.o(.text)
    GPIO_SetBits                             0x0800158f   Thumb Code     4  stm32f10x_gpio.o(.text)
    GPIO_ResetBits                           0x08001593   Thumb Code     4  stm32f10x_gpio.o(.text)
    GPIO_WriteBit                            0x08001597   Thumb Code    10  stm32f10x_gpio.o(.text)
    GPIO_Write                               0x080015a1   Thumb Code     4  stm32f10x_gpio.o(.text)
    GPIO_PinLockConfig                       0x080015a5   Thumb Code    18  stm32f10x_gpio.o(.text)
    GPIO_EventOutputConfig                   0x080015b7   Thumb Code    26  stm32f10x_gpio.o(.text)
    GPIO_EventOutputCmd                      0x080015d1   Thumb Code     6  stm32f10x_gpio.o(.text)
    GPIO_PinRemapConfig                      0x080015d7   Thumb Code   138  stm32f10x_gpio.o(.text)
    GPIO_EXTILineConfig                      0x08001661   Thumb Code    66  stm32f10x_gpio.o(.text)
    GPIO_ETH_MediaInterfaceConfig            0x080016a3   Thumb Code     8  stm32f10x_gpio.o(.text)
    RCC_DeInit                               0x080016d1   Thumb Code    64  stm32f10x_rcc.o(.text)
    RCC_HSEConfig                            0x08001711   Thumb Code    70  stm32f10x_rcc.o(.text)
    RCC_GetFlagStatus                        0x08001757   Thumb Code    56  stm32f10x_rcc.o(.text)
    RCC_WaitForHSEStartUp                    0x0800178f   Thumb Code    56  stm32f10x_rcc.o(.text)
    RCC_AdjustHSICalibrationValue            0x080017c7   Thumb Code    20  stm32f10x_rcc.o(.text)
    RCC_HSICmd                               0x080017db   Thumb Code     6  stm32f10x_rcc.o(.text)
    RCC_PLLConfig                            0x080017e1   Thumb Code    24  stm32f10x_rcc.o(.text)
    RCC_PLLCmd                               0x080017f9   Thumb Code     6  stm32f10x_rcc.o(.text)
    RCC_SYSCLKConfig                         0x080017ff   Thumb Code    18  stm32f10x_rcc.o(.text)
    RCC_GetSYSCLKSource                      0x08001811   Thumb Code    10  stm32f10x_rcc.o(.text)
    RCC_HCLKConfig                           0x0800181b   Thumb Code    18  stm32f10x_rcc.o(.text)
    RCC_PCLK1Config                          0x0800182d   Thumb Code    18  stm32f10x_rcc.o(.text)
    RCC_PCLK2Config                          0x0800183f   Thumb Code    20  stm32f10x_rcc.o(.text)
    RCC_ITConfig                             0x08001853   Thumb Code    26  stm32f10x_rcc.o(.text)
    RCC_USBCLKConfig                         0x0800186d   Thumb Code     8  stm32f10x_rcc.o(.text)
    RCC_ADCCLKConfig                         0x08001875   Thumb Code    18  stm32f10x_rcc.o(.text)
    RCC_LSEConfig                            0x08001887   Thumb Code    50  stm32f10x_rcc.o(.text)
    RCC_LSICmd                               0x080018b9   Thumb Code     6  stm32f10x_rcc.o(.text)
    RCC_RTCCLKConfig                         0x080018bf   Thumb Code    12  stm32f10x_rcc.o(.text)
    RCC_RTCCLKCmd                            0x080018cb   Thumb Code     8  stm32f10x_rcc.o(.text)
    RCC_GetClocksFreq                        0x080018d3   Thumb Code   192  stm32f10x_rcc.o(.text)
    RCC_AHBPeriphClockCmd                    0x08001993   Thumb Code    26  stm32f10x_rcc.o(.text)
    RCC_APB2PeriphClockCmd                   0x080019ad   Thumb Code    26  stm32f10x_rcc.o(.text)
    RCC_APB1PeriphClockCmd                   0x080019c7   Thumb Code    26  stm32f10x_rcc.o(.text)
    RCC_APB2PeriphResetCmd                   0x080019e1   Thumb Code    26  stm32f10x_rcc.o(.text)
    RCC_APB1PeriphResetCmd                   0x080019fb   Thumb Code    26  stm32f10x_rcc.o(.text)
    RCC_BackupResetCmd                       0x08001a15   Thumb Code     8  stm32f10x_rcc.o(.text)
    RCC_ClockSecuritySystemCmd               0x08001a1d   Thumb Code     6  stm32f10x_rcc.o(.text)
    RCC_MCOConfig                            0x08001a23   Thumb Code     6  stm32f10x_rcc.o(.text)
    RCC_ClearFlag                            0x08001a29   Thumb Code    14  stm32f10x_rcc.o(.text)
    RCC_GetITStatus                          0x08001a37   Thumb Code    20  stm32f10x_rcc.o(.text)
    RCC_ClearITPendingBit                    0x08001a4b   Thumb Code     6  stm32f10x_rcc.o(.text)
    USART_DeInit                             0x08001a75   Thumb Code   134  stm32f10x_usart.o(.text)
    USART_Init                               0x08001afb   Thumb Code   210  stm32f10x_usart.o(.text)
    USART_StructInit                         0x08001bcd   Thumb Code    24  stm32f10x_usart.o(.text)
    USART_ClockInit                          0x08001be5   Thumb Code    34  stm32f10x_usart.o(.text)
    USART_ClockStructInit                    0x08001c07   Thumb Code    12  stm32f10x_usart.o(.text)
    USART_Cmd                                0x08001c13   Thumb Code    24  stm32f10x_usart.o(.text)
    USART_ITConfig                           0x08001c2b   Thumb Code    74  stm32f10x_usart.o(.text)
    USART_DMACmd                             0x08001c75   Thumb Code    18  stm32f10x_usart.o(.text)
    USART_SetAddress                         0x08001c87   Thumb Code    18  stm32f10x_usart.o(.text)
    USART_WakeUpConfig                       0x08001c99   Thumb Code    18  stm32f10x_usart.o(.text)
    USART_ReceiverWakeUpCmd                  0x08001cab   Thumb Code    24  stm32f10x_usart.o(.text)
    USART_LINBreakDetectLengthConfig         0x08001cc3   Thumb Code    18  stm32f10x_usart.o(.text)
    USART_LINCmd                             0x08001cd5   Thumb Code    24  stm32f10x_usart.o(.text)
    USART_SendData                           0x08001ced   Thumb Code     8  stm32f10x_usart.o(.text)
    USART_ReceiveData                        0x08001cf5   Thumb Code    10  stm32f10x_usart.o(.text)
    USART_SendBreak                          0x08001cff   Thumb Code    10  stm32f10x_usart.o(.text)
    USART_SetGuardTime                       0x08001d09   Thumb Code    16  stm32f10x_usart.o(.text)
    USART_SetPrescaler                       0x08001d19   Thumb Code    16  stm32f10x_usart.o(.text)
    USART_SmartCardCmd                       0x08001d29   Thumb Code    24  stm32f10x_usart.o(.text)
    USART_SmartCardNACKCmd                   0x08001d41   Thumb Code    24  stm32f10x_usart.o(.text)
    USART_HalfDuplexCmd                      0x08001d59   Thumb Code    24  stm32f10x_usart.o(.text)
    USART_OverSampling8Cmd                   0x08001d71   Thumb Code    22  stm32f10x_usart.o(.text)
    USART_OneBitMethodCmd                    0x08001d87   Thumb Code    24  stm32f10x_usart.o(.text)
    USART_IrDAConfig                         0x08001d9f   Thumb Code    18  stm32f10x_usart.o(.text)
    USART_IrDACmd                            0x08001db1   Thumb Code    24  stm32f10x_usart.o(.text)
    USART_GetFlagStatus                      0x08001dc9   Thumb Code    26  stm32f10x_usart.o(.text)
    USART_ClearFlag                          0x08001de3   Thumb Code    18  stm32f10x_usart.o(.text)
    USART_GetITStatus                        0x08001df5   Thumb Code    84  stm32f10x_usart.o(.text)
    USART_ClearITPendingBit                  0x08001e49   Thumb Code    52  stm32f10x_usart.o(.text)
    I2C_DeInit                               0x08001e7d   Thumb Code    50  stm32f10x_i2c.o(.text)
    I2C_Init                                 0x08001eaf   Thumb Code   222  stm32f10x_i2c.o(.text)
    I2C_StructInit                           0x08001f8d   Thumb Code    30  stm32f10x_i2c.o(.text)
    I2C_Cmd                                  0x08001fab   Thumb Code    24  stm32f10x_i2c.o(.text)
    I2C_DMACmd                               0x08001fc3   Thumb Code    24  stm32f10x_i2c.o(.text)
    I2C_DMALastTransferCmd                   0x08001fdb   Thumb Code    24  stm32f10x_i2c.o(.text)
    I2C_GenerateSTART                        0x08001ff3   Thumb Code    24  stm32f10x_i2c.o(.text)
    I2C_GenerateSTOP                         0x0800200b   Thumb Code    24  stm32f10x_i2c.o(.text)
    I2C_AcknowledgeConfig                    0x08002023   Thumb Code    24  stm32f10x_i2c.o(.text)
    I2C_OwnAddress2Config                    0x0800203b   Thumb Code    22  stm32f10x_i2c.o(.text)
    I2C_DualAddressCmd                       0x08002051   Thumb Code    24  stm32f10x_i2c.o(.text)
    I2C_GeneralCallCmd                       0x08002069   Thumb Code    24  stm32f10x_i2c.o(.text)
    I2C_ITConfig                             0x08002081   Thumb Code    18  stm32f10x_i2c.o(.text)
    I2C_SendData                             0x08002093   Thumb Code     4  stm32f10x_i2c.o(.text)
    I2C_ReceiveData                          0x08002097   Thumb Code     8  stm32f10x_i2c.o(.text)
    I2C_Send7bitAddress                      0x0800209f   Thumb Code    18  stm32f10x_i2c.o(.text)
    I2C_ReadRegister                         0x080020b1   Thumb Code    22  stm32f10x_i2c.o(.text)
    I2C_SoftwareResetCmd                     0x080020c7   Thumb Code    22  stm32f10x_i2c.o(.text)
    I2C_NACKPositionConfig                   0x080020dd   Thumb Code    28  stm32f10x_i2c.o(.text)
    I2C_SMBusAlertConfig                     0x080020f9   Thumb Code    28  stm32f10x_i2c.o(.text)
    I2C_TransmitPEC                          0x08002115   Thumb Code    24  stm32f10x_i2c.o(.text)
    I2C_PECPositionConfig                    0x0800212d   Thumb Code    28  stm32f10x_i2c.o(.text)
    I2C_CalculatePEC                         0x08002149   Thumb Code    24  stm32f10x_i2c.o(.text)
    I2C_GetPEC                               0x08002161   Thumb Code     8  stm32f10x_i2c.o(.text)
    I2C_ARPCmd                               0x08002169   Thumb Code    24  stm32f10x_i2c.o(.text)
    I2C_StretchClockCmd                      0x08002181   Thumb Code    24  stm32f10x_i2c.o(.text)
    I2C_FastModeDutyCycleConfig              0x08002199   Thumb Code    28  stm32f10x_i2c.o(.text)
    I2C_CheckEvent                           0x080021b5   Thumb Code    42  stm32f10x_i2c.o(.text)
    I2C_GetLastEvent                         0x080021df   Thumb Code    26  stm32f10x_i2c.o(.text)
    I2C_GetFlagStatus                        0x080021f9   Thumb Code    58  stm32f10x_i2c.o(.text)
    I2C_ClearFlag                            0x08002233   Thumb Code    12  stm32f10x_i2c.o(.text)
    I2C_GetITStatus                          0x0800223f   Thumb Code    54  stm32f10x_i2c.o(.text)
    I2C_ClearITPendingBit                    0x08002275   Thumb Code    12  stm32f10x_i2c.o(.text)
    __scatterload                            0x08002281   Thumb Code    28  init.o(.text)
    __scatterload_rt2                        0x08002281   Thumb Code     0  init.o(.text)
    __decompress                             0x080022a5   Thumb Code     0  __dczerorl2.o(.text)
    __decompress1                            0x080022a5   Thumb Code    86  __dczerorl2.o(.text)
    __scatterload_copy                       0x080022fb   Thumb Code    14  handlers.o(i.__scatterload_copy)
    __scatterload_null                       0x08002309   Thumb Code     2  handlers.o(i.__scatterload_null)
    __scatterload_zeroinit                   0x0800230b   Thumb Code    14  handlers.o(i.__scatterload_zeroinit)
    free                                     0x08002319   Thumb Code    76  malloc.o(i.free)
    malloc                                   0x08002369   Thumb Code    92  malloc.o(i.malloc)
    F6x8                                     0x080023d4   Data         552  oled_i2c.o(.constdata)
    F8X16                                    0x080025fc   Data        1520  oled_i2c.o(.constdata)
    Region$$Table$$Base                      0x08002bec   Number         0  anon$$obj.o(Region$$Table)
    Region$$Table$$Limit                     0x08002c0c   Number         0  anon$$obj.o(Region$$Table)
    SystemCoreClock                          0x20000000   Data           4  system_stm32f10x.o(.data)
    AHBPrescTable                            0x20000004   Data          16  system_stm32f10x.o(.data)
    F16x16                                   0x20000015   Data         160  oled_i2c.o(.data)
    BMP1                                     0x200000b5   Data        1024  oled_i2c.o(.data)
    __stdout                                 0x200004bc   Data           4  usart.o(.data)
    USART_RX_STA                             0x200004c0   Data           2  usart.o(.data)
    data_header                              0x200004c2   Data           1  usart.o(.data)
    data_back                                0x200004c3   Data           1  usart.o(.data)
    data_parser                              0x200004c4   Data           4  usart.o(.data)
    rssi                                     0x200004c8   Data           1  usart.o(.data)
    id                                       0x200004c9   Data           1  usart.o(.data)
    USART2_RX_STA                            0x200004ca   Data           2  usart.o(.data)
    __microlib_freelist                      0x200004e0   Data           4  mvars.o(.data)
    __microlib_freelist_initialised          0x200004e4   Data           4  mvars.o(.data)
    USART_RX_BUF                             0x200004e8   Data         200  usart.o(.bss)
    USART2_RX_BUF                            0x200005b0   Data         200  usart.o(.bss)
    __heap_base                              0x20000678   Data           0  startup_stm32f10x_md.o(HEAP)
    __heap_limit                             0x20000878   Data           0  startup_stm32f10x_md.o(HEAP)
    __initial_sp                             0x20000c78   Data           0  startup_stm32f10x_md.o(STACK)



==============================================================================

Memory Map of the image

  Image Entry point : 0x080000ed

  Load Region LR_IROM1 (Base: 0x08000000, Size: 0x000030f4, Max: 0x00010000, ABSOLUTE, COMPRESSED[0x00002ddc])

    Execution Region ER_IROM1 (Exec base: 0x08000000, Load base: 0x08000000, Size: 0x00002c0c, Max: 0x00010000, ABSOLUTE)

    Exec Addr    Load Addr    Size         Type   Attr      Idx    E Section Name        Object

    0x08000000   0x08000000   0x000000ec   Data   RO          348    RESET               startup_stm32f10x_md.o
    0x080000ec   0x080000ec   0x00000000   Code   RO          415  * .ARM.Collect$$$$00000000  mc_w.l(entry.o)
    0x080000ec   0x080000ec   0x00000004   Code   RO          446    .ARM.Collect$$$$00000001  mc_w.l(entry2.o)
    0x080000f0   0x080000f0   0x00000004   Code   RO          449    .ARM.Collect$$$$00000004  mc_w.l(entry5.o)
    0x080000f4   0x080000f4   0x00000000   Code   RO          451    .ARM.Collect$$$$00000008  mc_w.l(entry7b.o)
    0x080000f4   0x080000f4   0x00000000   Code   RO          453    .ARM.Collect$$$$0000000A  mc_w.l(entry8b.o)
    0x080000f4   0x080000f4   0x00000008   Code   RO          454    .ARM.Collect$$$$0000000B  mc_w.l(entry9a.o)
    0x080000fc   0x080000fc   0x00000000   Code   RO          456    .ARM.Collect$$$$0000000D  mc_w.l(entry10a.o)
    0x080000fc   0x080000fc   0x00000000   Code   RO          458    .ARM.Collect$$$$0000000F  mc_w.l(entry11a.o)
    0x080000fc   0x080000fc   0x00000004   Code   RO          447    .ARM.Collect$$$$00002712  mc_w.l(entry2.o)
    0x08000100   0x08000100   0x00000268   Code   RO            1    .text               main.o
    0x08000368   0x08000368   0x0000001a   Code   RO          136    .text               stm32f10x_it.o
    0x08000382   0x08000382   0x00000002   PAD
    0x08000384   0x08000384   0x000001e0   Code   RO          177    .text               system_stm32f10x.o
    0x08000564   0x08000564   0x0000004c   Code   RO          195    .text               led.o
    0x080005b0   0x080005b0   0x000000fc   Code   RO          207    .text               key.o
    0x080006ac   0x080006ac   0x0000060c   Code   RO          220    .text               oled_i2c.o
    0x08000cb8   0x08000cb8   0x000000d4   Code   RO          243    .text               delay.o
    0x08000d8c   0x08000d8c   0x00000240   Code   RO          274    .text               usart.o
    0x08000fcc   0x08000fcc   0x0000015a   Code   RO          297    .text               parser.o
    0x08001126   0x08001126   0x000000ee   Code   RO          312    .text               queue.o
    0x08001214   0x08001214   0x00000060   Code   RO          324    .text               distance.o
    0x08001274   0x08001274   0x00000024   Code   RO          349    .text               startup_stm32f10x_md.o
    0x08001298   0x08001298   0x000000dc   Code   RO          353    .text               misc.o
    0x08001374   0x08001374   0x0000035c   Code   RO          365    .text               stm32f10x_gpio.o
    0x080016d0   0x080016d0   0x000003a4   Code   RO          377    .text               stm32f10x_rcc.o
    0x08001a74   0x08001a74   0x00000408   Code   RO          391    .text               stm32f10x_usart.o
    0x08001e7c   0x08001e7c   0x00000404   Code   RO          403    .text               stm32f10x_i2c.o
    0x08002280   0x08002280   0x00000024   Code   RO          466    .text               mc_w.l(init.o)
    0x080022a4   0x080022a4   0x00000056   Code   RO          476    .text               mc_w.l(__dczerorl2.o)
    0x080022fa   0x080022fa   0x0000000e   Code   RO          470    i.__scatterload_copy  mc_w.l(handlers.o)
    0x08002308   0x08002308   0x00000002   Code   RO          471    i.__scatterload_null  mc_w.l(handlers.o)
    0x0800230a   0x0800230a   0x0000000e   Code   RO          472    i.__scatterload_zeroinit  mc_w.l(handlers.o)
    0x08002318   0x08002318   0x00000050   Code   RO          418    i.free              mc_w.l(malloc.o)
    0x08002368   0x08002368   0x0000006c   Code   RO          419    i.malloc            mc_w.l(malloc.o)
    0x080023d4   0x080023d4   0x00000818   Data   RO          221    .constdata          oled_i2c.o
    0x08002bec   0x08002bec   0x00000020   Data   RO          468    Region$$Table       anon$$obj.o


    Execution Region RW_IRAM1 (Exec base: 0x20000000, Load base: 0x08002c0c, Size: 0x00000c78, Max: 0x00005000, ABSOLUTE, COMPRESSED[0x000001d0])

    Exec Addr    Load Addr    Size         Type   Attr      Idx    E Section Name        Object

    0x20000000   COMPRESSED   0x00000014   Data   RW          178    .data               system_stm32f10x.o
    0x20000014   COMPRESSED   0x00000001   Data   RW          208    .data               key.o
    0x20000015   COMPRESSED   0x000004a0   Data   RW          222    .data               oled_i2c.o
    0x200004b5   COMPRESSED   0x00000001   PAD
    0x200004b6   COMPRESSED   0x00000004   Data   RW          244    .data               delay.o
    0x200004ba   COMPRESSED   0x00000002   PAD
    0x200004bc   COMPRESSED   0x00000010   Data   RW          276    .data               usart.o
    0x200004cc   COMPRESSED   0x00000014   Data   RW          378    .data               stm32f10x_rcc.o
    0x200004e0   COMPRESSED   0x00000004   Data   RW          464    .data               mc_w.l(mvars.o)
    0x200004e4   COMPRESSED   0x00000004   Data   RW          465    .data               mc_w.l(mvars.o)
    0x200004e8        -       0x00000190   Zero   RW          275    .bss                usart.o
    0x20000678        -       0x00000200   Zero   RW          347    HEAP                startup_stm32f10x_md.o
    0x20000878        -       0x00000400   Zero   RW          346    STACK               startup_stm32f10x_md.o


==============================================================================

Image component sizes


      Code (inc. data)   RO Data    RW Data    ZI Data      Debug   Object Name

       212         18          0          4          0        987   delay.o
        96          8          0          0          0        741   distance.o
       252         12          0          1          0        812   key.o
        76          8          0          0          0        467   led.o
       616         84          0          0          0     240679   main.o
       220         22          0          0          0       1745   misc.o
      1548         42       2072       1184          0       5361   oled_i2c.o
       346          0          0          0          0       2434   parser.o
       238          0          0          0          0       1873   queue.o
        36          8        236          0       1536        764   startup_stm32f10x_md.o
       860         38          0          0          0       5677   stm32f10x_gpio.o
      1028         16          0          0          0       9167   stm32f10x_i2c.o
        26          0          0          0          0       1150   stm32f10x_it.o
       932         36          0         20          0       8824   stm32f10x_rcc.o
      1032         22          0          0          0       8400   stm32f10x_usart.o
         0          0          0          0          0         32   sys.o
       480         38          0         20          0       1655   system_stm32f10x.o
       576         38          0         16        400       3997   usart.o

    ----------------------------------------------------------------------
      8576        390       2340       1248       1936     294765   Object Totals
         0          0         32          0          0          0   (incl. Generated)
         2          0          0          3          0          0   (incl. Padding)

    ----------------------------------------------------------------------

      Code (inc. data)   RO Data    RW Data    ZI Data      Debug   Library Member Name

        86          0          0          0          0          0   __dczerorl2.o
         0          0          0          0          0          0   entry.o
         0          0          0          0          0          0   entry10a.o
         0          0          0          0          0          0   entry11a.o
         8          4          0          0          0          0   entry2.o
         4          0          0          0          0          0   entry5.o
         0          0          0          0          0          0   entry7b.o
         0          0          0          0          0          0   entry8b.o
         8          4          0          0          0          0   entry9a.o
        30          0          0          0          0          0   handlers.o
        36          8          0          0          0         68   init.o
       188         20          0          0          0        160   malloc.o
         0          0          0          8          0          0   mvars.o

    ----------------------------------------------------------------------
       360         36          0          8          0        228   Library Totals
         0          0          0          0          0          0   (incl. Padding)

    ----------------------------------------------------------------------

      Code (inc. data)   RO Data    RW Data    ZI Data      Debug   Library Name

       360         36          0          8          0        228   mc_w.l

    ----------------------------------------------------------------------
       360         36          0          8          0        228   Library Totals

    ----------------------------------------------------------------------

==============================================================================


      Code (inc. data)   RO Data    RW Data    ZI Data      Debug   

      8936        426       2340       1256       1936     294029   Grand Totals
      8936        426       2340        464       1936     294029   ELF Image Totals (compressed)
      8936        426       2340        464          0          0   ROM Totals

==============================================================================

    Total RO  Size (Code + RO Data)                11276 (  11.01kB)
    Total RW  Size (RW Data + ZI Data)              3192 (   3.12kB)
    Total ROM Size (Code + RO Data + RW Data)      11740 (  11.46kB)

==============================================================================

