Component: ARM Compiler 5.06 update 6 (build 750) Tool: armlink [4d35ed]

==============================================================================

Section Cross References

    main.o(.text) refers to lcd.o(.text) for LCD_Clear
    main.o(.text) refers to key.o(.text) for KEY_Scan
    main.o(.text) refers to hw_config.o(.text) for Joystick_Send
    main.o(.text) refers to touch.o(.text) for TP_Draw_Big_Point
    main.o(.text) refers to delay.o(.text) for delay_ms
    main.o(.text) refers to cpu_core.o(.text) for CPU_Init
    main.o(.text) refers to os_stat.o(.text) for OSStatTaskCPUUsageInit
    main.o(.text) refers to os_core.o(.text) for OSSchedRoundRobinCfg
    main.o(.text) refers to usb_init.o(.text) for USB_Init
    main.o(.text) refers to cpu_a.o(.text) for CPU_SR_Save
    main.o(.text) refers to os_task.o(.text) for OSTaskCreate
    main.o(.text) refers to misc.o(.text) for NVIC_PriorityGroupConfig
    main.o(.text) refers to usart.o(.text) for uart_init
    main.o(.text) refers to led.o(.text) for LED_Init
    main.o(.text) refers to lcd.o(.data) for POINT_COLOR
    main.o(.text) refers to lcd.o(.bss) for lcddev
    main.o(.text) refers to touch.o(.data) for tp_dev
    main.o(.text) refers to usb_pwr.o(.data) for bDeviceState
    main.o(.text) refers to os_var.o(.data) for OSSchedLockNestingCtr
    main.o(.text) refers to main.o(.bss) for MOUSE_TASK_STK
    system_stm32f10x.o(.text) refers to system_stm32f10x.o(.data) for SystemCoreClock
    led.o(.text) refers to stm32f10x_rcc.o(.text) for RCC_APB2PeriphClockCmd
    led.o(.text) refers to stm32f10x_gpio.o(.text) for GPIO_Init
    24cxx.o(.text) refers to myiic.o(.text) for IIC_Init
    24cxx.o(.text) refers to delay.o(.text) for delay_ms
    myiic.o(.text) refers to stm32f10x_rcc.o(.text) for RCC_APB2PeriphClockCmd
    myiic.o(.text) refers to stm32f10x_gpio.o(.text) for GPIO_Init
    myiic.o(.text) refers to delay.o(.text) for delay_us
    key.o(.text) refers to stm32f10x_rcc.o(.text) for RCC_APB2PeriphClockCmd
    key.o(.text) refers to stm32f10x_gpio.o(.text) for GPIO_PinRemapConfig
    key.o(.text) refers to delay.o(.text) for delay_ms
    key.o(.text) refers to key.o(.data) for key_up
    lcd.o(.text) refers to _printf_percent.o(.ARM.Collect$$_printf_percent$$00000000) for _printf_percent
    lcd.o(.text) refers to _printf_x.o(.ARM.Collect$$_printf_percent$$0000000C) for _printf_x
    lcd.o(.text) refers to _printf_hex_int.o(.text) for _printf_longlong_hex
    lcd.o(.text) refers to stm32f10x_gpio.o(.text) for GPIO_ResetBits
    lcd.o(.text) refers to delay.o(.text) for delay_us
    lcd.o(.text) refers to lcd.o(.bss) for lcddev
    lcd.o(.text) refers to lcd.o(.data) for POINT_COLOR
    lcd.o(.text) refers to stm32f10x_rcc.o(.text) for RCC_APB2PeriphClockCmd
    lcd.o(.text) refers to noretval__2printf.o(.text) for __2printf
    lcd.o(.text) refers to lcd.o(.constdata) for asc2_1206
    ctiic.o(.text) refers to delay.o(.text) for delay_us
    gt9147.o(.text) refers to _printf_percent.o(.ARM.Collect$$_printf_percent$$00000000) for _printf_percent
    gt9147.o(.text) refers to _printf_s.o(.ARM.Collect$$_printf_percent$$00000014) for _printf_s
    gt9147.o(.text) refers to _printf_str.o(.text) for _printf_str
    gt9147.o(.text) refers to _printf_d.o(.ARM.Collect$$_printf_percent$$00000009) for _printf_d
    gt9147.o(.text) refers to _printf_dec.o(.text) for _printf_int_dec
    gt9147.o(.text) refers to ctiic.o(.text) for CT_IIC_Start
    gt9147.o(.text) refers to delay.o(.text) for delay_ms
    gt9147.o(.text) refers to noretval__2printf.o(.text) for __2printf
    gt9147.o(.text) refers to strcmpv7m.o(.text) for strcmp
    gt9147.o(.text) refers to gt9147.o(.constdata) for GT9147_CFG_TBL
    gt9147.o(.text) refers to gt9147.o(.data) for t
    gt9147.o(.text) refers to touch.o(.data) for tp_dev
    ott2001a.o(.text) refers to _printf_percent.o(.ARM.Collect$$_printf_percent$$00000000) for _printf_percent
    ott2001a.o(.text) refers to _printf_x.o(.ARM.Collect$$_printf_percent$$0000000C) for _printf_x
    ott2001a.o(.text) refers to _printf_hex_int.o(.text) for _printf_longlong_hex
    ott2001a.o(.text) refers to ctiic.o(.text) for CT_IIC_Start
    ott2001a.o(.text) refers to stm32f10x_rcc.o(.text) for RCC_APB2PeriphClockCmd
    ott2001a.o(.text) refers to stm32f10x_gpio.o(.text) for GPIO_Init
    ott2001a.o(.text) refers to delay.o(.text) for delay_ms
    ott2001a.o(.text) refers to noretval__2printf.o(.text) for __2printf
    ott2001a.o(.text) refers to dflt_clz.o(x$fpl$dflt) for __aeabi_i2d
    ott2001a.o(.text) refers to dmul.o(x$fpl$dmul) for __aeabi_dmul
    ott2001a.o(.text) refers to dfixu.o(x$fpl$dfixu) for __aeabi_d2uiz
    ott2001a.o(.text) refers to daddsub_clz.o(x$fpl$drsb) for __aeabi_drsub
    ott2001a.o(.text) refers to ott2001a.o(.data) for t
    ott2001a.o(.text) refers to touch.o(.data) for tp_dev
    ott2001a.o(.text) refers to ott2001a.o(.constdata) for OTT_TPX_TBL
[...]
    Str_FmtNbr_Int32U                        0x0800a2ad   Thumb Code    46  lib_str.o(.text)
    Str_FmtNbr_Int32S                        0x0800a2db   Thumb Code    62  lib_str.o(.text)
    Str_ParseNbr_Int32U                      0x0800a4d7   Thumb Code    30  lib_str.o(.text)
    Str_ParseNbr_Int32S                      0x0800a4f5   Thumb Code    74  lib_str.o(.text)
    Mem_Copy                                 0x0800a545   Thumb Code     0  lib_mem_a.o(.text)
    OSCfg_Init                               0x0800a765   Thumb Code    86  os_cfg_app.o(.text)
    OS_IdleTask                              0x0800a861   Thumb Code    60  os_core.o(.text)
    OS_IdleTaskInit                          0x0800a89d   Thumb Code    68  os_core.o(.text)
    OS_RdyListInit                           0x0800a8e1   Thumb Code    32  os_core.o(.text)
    OSInit                                   0x0800a901   Thumb Code   300  os_core.o(.text)
    OSIntEnter                               0x0800aa2d   Thumb Code    34  os_core.o(.text)
    OSIntExit                                0x0800aa4f   Thumb Code   192  os_core.o(.text)
    OSSched                                  0x0800ab0f   Thumb Code   134  os_core.o(.text)
    OS_SchedLockTimeMeasStart                0x0800ab95   Thumb Code    20  os_core.o(.text)
    OSSchedLock                              0x0800aba9   Thumb Code   104  os_core.o(.text)
    OS_SchedLockTimeMeasStop                 0x0800ac11   Thumb Code    44  os_core.o(.text)
    OSSchedUnlock                            0x0800ac3d   Thumb Code   290  os_core.o(.text)
    OSSchedRoundRobinCfg                     0x0800ad5f   Thumb Code    88  os_core.o(.text)
    OS_RdyListMoveHeadToTail                 0x0800adb7   Thumb Code    68  os_core.o(.text)
    OSSchedRoundRobinYield                   0x0800adfb   Thumb Code   164  os_core.o(.text)
    OSStart                                  0x0800ae9f   Thumb Code    78  os_core.o(.text)
    OSVersion                                0x0800aeed   Thumb Code    12  os_core.o(.text)
    OS_PendDbgNameAdd                        0x0800aef9   Thumb Code    66  os_core.o(.text)
    OS_PendListInsertPrio                    0x0800af3b   Thumb Code   102  os_core.o(.text)
    OS_PendDataInit                          0x0800afa1   Thumb Code    38  os_core.o(.text)
    OS_RdyListRemove                         0x0800afc7   Thumb Code    86  os_core.o(.text)
    OS_TaskBlock                             0x0800b01d   Thumb Code    56  os_core.o(.text)
    OS_Pend                                  0x0800b055   Thumb Code    98  os_core.o(.text)
    OS_PendListRemove1                       0x0800b0b7   Thumb Code   134  os_core.o(.text)
    OS_PendListRemove                        0x0800b13d   Thumb Code    48  os_core.o(.text)
    OS_PendAbort1                            0x0800b16d   Thumb Code    36  os_core.o(.text)
    OS_RdyListInsertHead                     0x0800b191   Thumb Code    58  os_core.o(.text)
    OS_RdyListInsertTail                     0x0800b1cb   Thumb Code    56  os_core.o(.text)
    OS_RdyListInsert                         0x0800b203   Thumb Code    40  os_core.o(.text)
    OS_TaskRdy                               0x0800b22b   Thumb Code    28  os_core.o(.text)
    OS_PendAbort                             0x0800b247   Thumb Code   166  os_core.o(.text)
    OS_PendDbgNameRemove                     0x0800b2ed   Thumb Code    34  os_core.o(.text)
    OS_PendListChangePrio                    0x0800b30f   Thumb Code    70  os_core.o(.text)
    OS_PendListInit                          0x0800b355   Thumb Code    10  os_core.o(.text)
    OS_PendListInsertHead                    0x0800b35f   Thumb Code    32  os_core.o(.text)
    OS_PendObjDel1                           0x0800b37f   Thumb Code    36  os_core.o(.text)
    OS_PendObjDel                            0x0800b3a3   Thumb Code   162  os_core.o(.text)
    OS_Post1                                 0x0800b445   Thumb Code    42  os_core.o(.text)
    OS_Post                                  0x0800b46f   Thumb Code   192  os_core.o(.text)
    OS_Sched0                                0x0800b52f   Thumb Code   102  os_core.o(.text)
    OS_SchedRoundRobin                       0x0800b595   Thumb Code   190  os_core.o(.text)
    OS_Dbg_Init                              0x0800b665   Thumb Code   146  os_dbg.o(.text)
    OS_FlagDbgListAdd                        0x0800b815   Thumb Code    38  os_flag.o(.text)
    OSFlagCreate                             0x0800b83b   Thumb Code   172  os_flag.o(.text)
    OS_FlagClr                               0x0800b8e7   Thumb Code    28  os_flag.o(.text)
    OS_FlagDbgListRemove                     0x0800b903   Thumb Code    44  os_flag.o(.text)
    OSFlagDel                                0x0800b92f   Thumb Code   594  os_flag.o(.text)
    OS_FlagBlock                             0x0800bb81   Thumb Code    58  os_flag.o(.text)
    OSFlagPend                               0x0800bbbb   Thumb Code  1488  os_flag.o(.text)
    OSFlagPendAbort                          0x0800c18b   Thumb Code   292  os_flag.o(.text)
    OSFlagPendGetFlagsRdy                    0x0800c2af   Thumb Code    68  os_flag.o(.text)
    OS_FlagTaskRdy                           0x0800c2f3   Thumb Code    86  os_flag.o(.text)
    OS_FlagPost                              0x0800c349   Thumb Code   570  os_flag.o(.text)
    OSFlagPost                               0x0800c583   Thumb Code   146  os_flag.o(.text)
    OS_FlagInit                              0x0800c615   Thumb Code    14  os_flag.o(.text)
    OS_IntQPost                              0x0800c63d   Thumb Code   216  os_int.o(.text)
    OS_IntQRePost                            0x0800c715   Thumb Code   360  os_int.o(.text)
    OS_IntQTask                              0x0800c87d   Thumb Code   162  os_int.o(.text)
    OS_IntQTaskInit                          0x0800c91f   Thumb Code   208  os_int.o(.text)
    OS_MemDbgListAdd                         0x0800ca81   Thumb Code    34  os_mem.o(.text)
    OSMemCreate                              0x0800caa3   Thumb Code   288  os_mem.o(.text)
    OSMemGet                                 0x0800cbc3   Thumb Code   100  os_mem.o(.text)
    OSMemPut                                 0x0800cc27   Thumb Code   112  os_mem.o(.text)
    OS_MemInit                               0x0800cc97   Thumb Code    14  os_mem.o(.text)
    OS_MsgPoolCreate                         0x0800ccb9   Thumb Code    54  os_msg.o(.text)
    OS_MsgPoolInit                           0x0800ccef   Thumb Code    70  os_msg.o(.text)
    OS_MsgQFreeAll                           0x0800cd35   Thumb Code    62  os_msg.o(.text)
    OS_MsgQInit                              0x0800cd73   Thumb Code    14  os_msg.o(.text)
    OS_MsgQGet                               0x0800cd81   Thumb Code    98  os_msg.o(.text)
    OS_MsgQPut                               0x0800cde3   Thumb Code   246  os_msg.o(.text)
    OS_MutexDbgListAdd                       0x0800cee5   Thumb Code    38  os_mutex.o(.text)
    OSMutexCreate                            0x0800cf0b   Thumb Code   178  os_mutex.o(.text)
    OS_MutexClr                              0x0800cfbd   Thumb Code    38  os_mutex.o(.text)
    OS_MutexDbgListRemove                    0x0800cfe3   Thumb Code    44  os_mutex.o(.text)
    OSMutexDel                               0x0800d00f   Thumb Code   842  os_mutex.o(.text)
    OSMutexPend                              0x0800d359   Thumb Code   706  os_mutex.o(.text)
    OSMutexPendAbort                         0x0800d61b   Thumb Code   314  os_mutex.o(.text)
    OSMutexPost                              0x0800d755   Thumb Code   564  os_mutex.o(.text)
    OS_MutexInit                             0x0800d989   Thumb Code    14  os_mutex.o(.text)
    OS_PrioInit                              0x0800d9b9   Thumb Code    20  os_prio.o(.text)
    OS_PrioGetHighest                        0x0800d9cd   Thumb Code    36  os_prio.o(.text)
    OS_PrioInsert                            0x0800d9f1   Thumb Code    32  os_prio.o(.text)
    OS_PrioRemove                            0x0800da11   Thumb Code    32  os_prio.o(.text)
    OS_QDbgListAdd                           0x0800da35   Thumb Code    38  os_q.o(.text)
    OSQCreate                                0x0800da5b   Thumb Code   186  os_q.o(.text)
    OS_QClr                                  0x0800db15   Thumb Code    40  os_q.o(.text)
    OS_QDbgListRemove                        0x0800db3d   Thumb Code    44  os_q.o(.text)
    OSQDel                                   0x0800db69   Thumb Code   362  os_q.o(.text)
    OSQFlush                                 0x0800dcd3   Thumb Code   210  os_q.o(.text)
    OSQPend                                  0x0800dda5   Thumb Code   538  os_q.o(.text)
    OSQPendAbort                             0x0800dfbf   Thumb Code   292  os_q.o(.text)
    OS_QPost                                 0x0800e0e3   Thumb Code   324  os_q.o(.text)
    OSQPost                                  0x0800e227   Thumb Code   198  os_q.o(.text)
    OS_QInit                                 0x0800e2ed   Thumb Code    14  os_q.o(.text)
    OS_SemDbgListAdd                         0x0800e30d   Thumb Code    38  os_sem.o(.text)
    OSSemCreate                              0x0800e333   Thumb Code   172  os_sem.o(.text)
    OS_SemClr                                0x0800e3df   Thumb Code    28  os_sem.o(.text)
    OS_SemDbgListRemove                      0x0800e3fb   Thumb Code    44  os_sem.o(.text)
    OSSemDel                                 0x0800e427   Thumb Code   362  os_sem.o(.text)
    OSSemPend                                0x0800e591   Thumb Code   504  os_sem.o(.text)
    OSSemPendAbort                           0x0800e789   Thumb Code   292  os_sem.o(.text)
    OS_SemPost                               0x0800e8ad   Thumb Code   350  os_sem.o(.text)
    OSSemPost                                0x0800ea0b   Thumb Code   144  os_sem.o(.text)
    OSSemSet                                 0x0800ea9b   Thumb Code   138  os_sem.o(.text)
    OS_SemInit                               0x0800eb25   Thumb Code    14  os_sem.o(.text)
    OSStatReset                              0x0800eb3d   Thumb Code   270  os_stat.o(.text)
    OSStatTaskCPUUsageInit                   0x0800ec4b   Thumb Code   212  os_stat.o(.text)
    OS_StatTask                              0x0800ed1f   Thumb Code   888  os_stat.o(.text)
    OS_StatTaskInit                          0x0800f097   Thumb Code   138  os_stat.o(.text)
    OSTaskChangePrio                         0x0800f175   Thumb Code   416  os_task.o(.text)
    OS_TaskDbgListAdd                        0x0800f315   Thumb Code    42  os_task.o(.text)
    OS_TaskInitTCB                           0x0800f33f   Thumb Code   186  os_task.o(.text)
    OSTaskCreate                             0x0800f3f9   Thumb Code   616  os_task.o(.text)
    OS_TaskDbgListRemove                     0x0800f661   Thumb Code    64  os_task.o(.text)
    OSTaskDel                                0x0800f6a1   Thumb Code   424  os_task.o(.text)
    OSTaskQFlush                             0x0800f849   Thumb Code   214  os_task.o(.text)
    OSTaskQPend                              0x0800f91f   Thumb Code   554  os_task.o(.text)
    OSTaskQPendAbort                         0x0800fb49   Thumb Code   242  os_task.o(.text)
    OS_TaskQPost                             0x0800fc3b   Thumb Code   526  os_task.o(.text)
    OSTaskQPost                              0x0800fe49   Thumb Code   114  os_task.o(.text)
    OSTaskRegGet                             0x0800febb   Thumb Code    78  os_task.o(.text)
    OSTaskRegGetID                           0x0800ff09   Thumb Code    84  os_task.o(.text)
    OSTaskRegSet                             0x0800ff5d   Thumb Code    78  os_task.o(.text)
    OS_TaskResume                            0x0800ffab   Thumb Code   314  os_task.o(.text)
    OSTaskResume                             0x080100e5   Thumb Code   112  os_task.o(.text)
    OSTaskSemPend                            0x08010155   Thumb Code   550  os_task.o(.text)
    OSTaskSemPendAbort                       0x0801037b   Thumb Code   270  os_task.o(.text)
    OS_TaskSemPost                           0x08010489   Thumb Code  1224  os_task.o(.text)
    OSTaskSemPost                            0x08010951   Thumb Code    98  os_task.o(.text)
    OSTaskSemSet                             0x080109b3   Thumb Code    80  os_task.o(.text)
    OSTaskStkChk                             0x08010a03   Thumb Code   224  os_task.o(.text)
    OS_TaskSuspend                           0x08010ae3   Thumb Code   328  os_task.o(.text)
    OSTaskSuspend                            0x08010c2b   Thumb Code    78  os_task.o(.text)
    OSTaskTimeQuantaSet                      0x08010c79   Thumb Code    96  os_task.o(.text)
    OS_TaskInit                              0x08010cd9   Thumb Code    18  os_task.o(.text)
    OS_TaskReturn                            0x08010ceb   Thumb Code    20  os_task.o(.text)
    OS_TickListRemove                        0x08010d29   Thumb Code    56  os_tick.o(.text)
    OS_TickListUpdate                        0x08010d61   Thumb Code   480  os_tick.o(.text)
    OS_TickTask                              0x08010f41   Thumb Code    38  os_tick.o(.text)
    OS_TickListInit                          0x08010f67   Thumb Code    32  os_tick.o(.text)
    OS_TickTaskInit                          0x08010f87   Thumb Code   130  os_tick.o(.text)
    OS_TickListInsert                        0x08011009   Thumb Code   502  os_tick.o(.text)
    OS_TickListResetPeak                     0x080111ff   Thumb Code    28  os_tick.o(.text)
    OSTimeDly                                0x08011225   Thumb Code   266  os_time.o(.text)
    OSTimeDlyHMSM                            0x0801132f   Thumb Code   480  os_time.o(.text)
    OSTimeDlyResume                          0x0801150f   Thumb Code   466  os_time.o(.text)
    OSTimeGet                                0x080116e1   Thumb Code    46  os_time.o(.text)
    OSTimeSet                                0x0801170f   Thumb Code    46  os_time.o(.text)
    OSTimeTick                               0x0801173d   Thumb Code    54  os_time.o(.text)
    OS_TmrDbgListAdd                         0x08011789   Thumb Code    34  os_tmr.o(.text)
    OSTmrCreate                              0x080117ab   Thumb Code   248  os_tmr.o(.text)
    OS_TmrClr                                0x080118a3   Thumb Code    36  os_tmr.o(.text)
    OS_TmrUnlink                             0x080118c7   Thumb Code    72  os_tmr.o(.text)
    OS_TmrDbgListRemove                      0x0801190f   Thumb Code    44  os_tmr.o(.text)
    OSTmrDel                                 0x0801193b   Thumb Code   176  os_tmr.o(.text)
    OSTmrRemainGet                           0x080119eb   Thumb Code   184  os_tmr.o(.text)
    OS_TmrLink                               0x08011aa3   Thumb Code   196  os_tmr.o(.text)
    OSTmrStart                               0x08011b67   Thumb Code   210  os_tmr.o(.text)
    OSTmrStateGet                            0x08011c39   Thumb Code   134  os_tmr.o(.text)
    OSTmrStop                                0x08011cbf   Thumb Code   232  os_tmr.o(.text)
    OS_TmrTask                               0x08011da7   Thumb Code   176  os_tmr.o(.text)
    OS_TmrInit                               0x08011e57   Thumb Code   208  os_tmr.o(.text)
    OS_TmrResetPeak                          0x08011f27   Thumb Code    28  os_tmr.o(.text)
    OSIdleTaskHook                           0x08011fa1   Thumb Code    16  os_cpu_c.o(.text)
    OSInitHook                               0x08011fb1   Thumb Code    42  os_cpu_c.o(.text)
    OSStatTaskHook                           0x08011fdb   Thumb Code    16  os_cpu_c.o(.text)
    OSTaskCreateHook                         0x08011feb   Thumb Code    20  os_cpu_c.o(.text)
    OSTaskDelHook                            0x08011fff   Thumb Code    20  os_cpu_c.o(.text)
    OSTaskReturnHook                         0x08012013   Thumb Code    20  os_cpu_c.o(.text)
    OSTaskStkInit                            0x08012027   Thumb Code   188  os_cpu_c.o(.text)
    OSTaskSwHook                             0x080120e3   Thumb Code   120  os_cpu_c.o(.text)
    OSTimeTickHook                           0x0801215b   Thumb Code    16  os_cpu_c.o(.text)
    OS_CPU_SysTickHandler                    0x0801216b   Thumb Code    52  os_cpu_c.o(.text)
    OS_CPU_SysTickInit                       0x0801219f   Thumb Code    44  os_cpu_c.o(.text)
    Standard_GetConfiguration                0x0801220d   Thumb Code    34  usb_core.o(.text)
    Standard_SetConfiguration                0x0801222f   Thumb Code    60  usb_core.o(.text)
    Standard_GetInterface                    0x0801226b   Thumb Code    34  usb_core.o(.text)
    Standard_SetInterface                    0x0801228d   Thumb Code    96  usb_core.o(.text)
    Standard_GetStatus                       0x080122ed   Thumb Code   238  usb_core.o(.text)
    Standard_ClearFeature                    0x080123db   Thumb Code   342  usb_core.o(.text)
    Standard_SetEndPointFeature              0x08012531   Thumb Code   220  usb_core.o(.text)
    Standard_SetDeviceFeature                0x0801260d   Thumb Code    30  usb_core.o(.text)
    Standard_GetDescriptorData               0x0801262b   Thumb Code    32  usb_core.o(.text)
    Post0_Process                            0x08012b5f   Thumb Code    54  usb_core.o(.text)
    Setup0_Process                           0x08012b95   Thumb Code   170  usb_core.o(.text)
    SetDeviceAddress                         0x08012c3f   Thumb Code    70  usb_core.o(.text)
    In0_Process                              0x08012c85   Thumb Code    98  usb_core.o(.text)
    Out0_Process                             0x08012ce7   Thumb Code    70  usb_core.o(.text)
    NOP_Process                              0x08012d2d   Thumb Code     2  usb_core.o(.text)
    USB_Init                                 0x08012d5d   Thumb Code    36  usb_init.o(.text)
    CTR_LP                                   0x08012d99   Thumb Code   616  usb_int.o(.text)
    CTR_HP                                   0x08013001   Thumb Code   178  usb_int.o(.text)
    UserToPMABufferCopy                      0x080130d5   Thumb Code    52  usb_mem.o(.text)
    PMAToUserBufferCopy                      0x08013109   Thumb Code    34  usb_mem.o(.text)
    SetCNTR                                  0x08013131   Thumb Code     6  usb_regs.o(.text)
    GetCNTR                                  0x08013137   Thumb Code     8  usb_regs.o(.text)
    SetISTR                                  0x0801313f   Thumb Code     8  usb_regs.o(.text)
    GetISTR                                  0x08013147   Thumb Code    10  usb_regs.o(.text)
    GetFNR                                   0x08013151   Thumb Code    10  usb_regs.o(.text)
    SetDADDR                                 0x0801315b   Thumb Code     8  usb_regs.o(.text)
    GetDADDR                                 0x08013163   Thumb Code    10  usb_regs.o(.text)
    SetBTABLE                                0x0801316d   Thumb Code    14  usb_regs.o(.text)
    GetBTABLE                                0x0801317b   Thumb Code    10  usb_regs.o(.text)
    SetENDPOINT                              0x08013185   Thumb Code    12  usb_regs.o(.text)
    GetENDPOINT                              0x08013191   Thumb Code    16  usb_regs.o(.text)
    SetEPType                                0x080131a1   Thumb Code    32  usb_regs.o(.text)
    GetEPType                                0x080131c1   Thumb Code    18  usb_regs.o(.text)
    SetEPTxStatus                            0x080131d3   Thumb Code    60  usb_regs.o(.text)
    SetEPRxStatus                            0x0801320f   Thumb Code    60  usb_regs.o(.text)
    SetDouBleBuffEPStall                     0x0801324b   Thumb Code    54  usb_regs.o(.text)
    GetEPTxStatus                            0x08013281   Thumb Code    18  usb_regs.o(.text)
    GetEPRxStatus                            0x08013293   Thumb Code    18  usb_regs.o(.text)
    SetEPTxValid                             0x080132a5   Thumb Code    48  usb_regs.o(.text)
    SetEPRxValid                             0x080132d5   Thumb Code    48  usb_regs.o(.text)
    SetEP_KIND                               0x08013305   Thumb Code    38  usb_regs.o(.text)
    ClearEP_KIND                             0x0801332b   Thumb Code    34  usb_regs.o(.text)
    Clear_Status_Out                         0x0801334d   Thumb Code    34  usb_regs.o(.text)
    Set_Status_Out                           0x0801336f   Thumb Code    38  usb_regs.o(.text)
    SetEPDoubleBuff                          0x08013395   Thumb Code    38  usb_regs.o(.text)
    ClearEPDoubleBuff                        0x080133bb   Thumb Code    34  usb_regs.o(.text)
    GetTxStallStatus                         0x080133dd   Thumb Code    28  usb_regs.o(.text)
    GetRxStallStatus                         0x080133f9   Thumb Code    30  usb_regs.o(.text)
    ClearEP_CTR_RX                           0x08013417   Thumb Code    32  usb_regs.o(.text)
    ClearEP_CTR_TX                           0x08013437   Thumb Code    28  usb_regs.o(.text)
    ToggleDTOG_RX                            0x08013453   Thumb Code    34  usb_regs.o(.text)
    ToggleDTOG_TX                            0x08013475   Thumb Code    34  usb_regs.o(.text)
    ClearDTOG_RX                             0x08013497   Thumb Code    48  usb_regs.o(.text)
    ClearDTOG_TX                             0x080134c7   Thumb Code    48  usb_regs.o(.text)
    SetEPAddress                             0x080134f7   Thumb Code    46  usb_regs.o(.text)
    GetEPAddress                             0x08013525   Thumb Code    18  usb_regs.o(.text)
    SetEPTxAddr                              0x08013537   Thumb Code    24  usb_regs.o(.text)
    SetEPRxAddr                              0x0801354f   Thumb Code    26  usb_regs.o(.text)
    GetEPTxAddr                              0x08013569   Thumb Code    22  usb_regs.o(.text)
    GetEPRxAddr                              0x0801357f   Thumb Code    24  usb_regs.o(.text)
    SetEPTxCount                             0x08013597   Thumb Code    20  usb_regs.o(.text)
    SetEPCountRxReg                          0x080135ab   Thumb Code    48  usb_regs.o(.text)
    SetEPRxCount                             0x080135db   Thumb Code    68  usb_regs.o(.text)
    GetEPTxCount                             0x0801361f   Thumb Code    26  usb_regs.o(.text)
    GetEPRxCount                             0x08013639   Thumb Code    26  usb_regs.o(.text)
    SetEPDblBuffAddr                         0x08013653   Thumb Code    44  usb_regs.o(.text)
    SetEPDblBuf0Addr                         0x0801367f   Thumb Code    24  usb_regs.o(.text)
    SetEPDblBuf1Addr                         0x08013697   Thumb Code    26  usb_regs.o(.text)
    GetEPDblBuf0Addr                         0x080136b1   Thumb Code    22  usb_regs.o(.text)
    GetEPDblBuf1Addr                         0x080136c7   Thumb Code    24  usb_regs.o(.text)
    SetEPDblBuffCount                        0x080136df   Thumb Code   186  usb_regs.o(.text)
    SetEPDblBuf0Count                        0x08013799   Thumb Code    96  usb_regs.o(.text)
    SetEPDblBuf1Count                        0x080137f9   Thumb Code    96  usb_regs.o(.text)
    GetEPDblBuf0Count                        0x08013859   Thumb Code    26  usb_regs.o(.text)
    GetEPDblBuf1Count                        0x08013873   Thumb Code    26  usb_regs.o(.text)
    GetEPDblBufDir                           0x0801388d   Thumb Code    62  usb_regs.o(.text)
    FreeUserBuffer                           0x080138cb   Thumb Code    90  usb_regs.o(.text)
    ToWord                                   0x08013925   Thumb Code     8  usb_regs.o(.text)
    ByteSwap                                 0x0801392d   Thumb Code    12  usb_regs.o(.text)
    USB_SIL_Init                             0x08013939   Thumb Code    28  usb_sil.o(.text)
    USB_SIL_Write                            0x08013955   Thumb Code    46  usb_sil.o(.text)
    USB_SIL_Read                             0x08013983   Thumb Code    46  usb_sil.o(.text)
    USBWakeUp_IRQHandler                     0x080139b9   Thumb Code    12  hw_config.o(.text)
    USB_LP_CAN1_RX0_IRQHandler               0x080139c5   Thumb Code     8  hw_config.o(.text)
    Set_USBClock                             0x080139cd   Thumb Code    18  hw_config.o(.text)
    Enter_LowPowerMode                       0x080139df   Thumb Code    16  hw_config.o(.text)
    Leave_LowPowerMode                       0x080139ef   Thumb Code    30  hw_config.o(.text)
    USB_Interrupts_Config                    0x08013a0d   Thumb Code    84  hw_config.o(.text)
    USB_Cable_Config                         0x08013a61   Thumb Code    22  hw_config.o(.text)
    Joystick_Send                            0x08013a77   Thumb Code    48  hw_config.o(.text)
    USB_Port_Set                             0x08013aa7   Thumb Code    74  hw_config.o(.text)
    Get_SerialNum                            0x08013b2f   Thumb Code    42  hw_config.o(.text)
    EP1_IN_Callback                          0x08013bd9   Thumb Code     8  usb_endp.o(.text)
    USB_Istr                                 0x08013be5   Thumb Code   422  usb_istr.o(.text)
    Joystick_init                            0x08013db1   Thumb Code    30  usb_prop.o(.text)
    Joystick_Reset                           0x08013dcf   Thumb Code   148  usb_prop.o(.text)
    Joystick_SetConfiguration                0x08013e63   Thumb Code    14  usb_prop.o(.text)
    Joystick_SetDeviceAddress                0x08013e71   Thumb Code     8  usb_prop.o(.text)
    Joystick_Status_In                       0x08013e79   Thumb Code     2  usb_prop.o(.text)
    Joystick_Status_Out                      0x08013e7b   Thumb Code     2  usb_prop.o(.text)
    Joystick_GetProtocolValue                0x08013e7d   Thumb Code    20  usb_prop.o(.text)
    Joystick_GetHIDDescriptor                0x08013e91   Thumb Code    14  usb_prop.o(.text)
    Joystick_GetReportDescriptor             0x08013e9f   Thumb Code    14  usb_prop.o(.text)
    Joystick_Data_Setup                      0x08013ead   Thumb Code   114  usb_prop.o(.text)
    Joystick_SetProtocol                     0x08013f1f   Thumb Code    14  usb_prop.o(.text)
    Joystick_NoData_Setup                    0x08013f2d   Thumb Code    32  usb_prop.o(.text)
    Joystick_GetDeviceDescriptor             0x08013f4d   Thumb Code    14  usb_prop.o(.text)
    Joystick_GetConfigDescriptor             0x08013f5b   Thumb Code    14  usb_prop.o(.text)
    Joystick_GetStringDescriptor             0x08013f69   Thumb Code    32  usb_prop.o(.text)
    Joystick_Get_Interface_Setting           0x08013f89   Thumb Code    22  usb_prop.o(.text)
    PowerOn                                  0x08013fcd   Thumb Code    54  usb_pwr.o(.text)
    PowerOff                                 0x08014003   Thumb Code    28  usb_pwr.o(.text)
    Suspend                                  0x0801401f   Thumb Code   142  usb_pwr.o(.text)
    Resume_Init                              0x080140ad   Thumb Code    30  usb_pwr.o(.text)
    Resume                                   0x080140cb   Thumb Code   194  usb_pwr.o(.text)
    __use_no_semihosting                     0x080141a5   Thumb Code     2  use_no_semi_2.o(.text)
    __aeabi_uldivmod                         0x080141a7   Thumb Code     0  lludivv7m.o(.text)
    _ll_udiv                                 0x080141a7   Thumb Code   238  lludivv7m.o(.text)
    __2printf                                0x08014295   Thumb Code    20  noretval__2printf.o(.text)
    __printf                                 0x080142ad   Thumb Code   104  __printf.o(.text)
    _printf_str                              0x08014315   Thumb Code    82  _printf_str.o(.text)
    _printf_int_dec                          0x08014369   Thumb Code   104  _printf_dec.o(.text)
    _printf_int_hex                          0x080143e1   Thumb Code    84  _printf_hex_int.o(.text)
    _printf_longlong_hex                     0x080143e1   Thumb Code     0  _printf_hex_int.o(.text)
    strcmp                                   0x08014439   Thumb Code   128  strcmpv7m.o(.text)
    __use_two_region_memory                  0x080144b9   Thumb Code     2  heapauxi.o(.text)
    __rt_heap_escrow$2region                 0x080144bb   Thumb Code     2  heapauxi.o(.text)
    __rt_heap_expand$2region                 0x080144bd   Thumb Code     2  heapauxi.o(.text)
    __I$use$semihosting                      0x080144bf   Thumb Code     0  use_no_semi.o(.text)
    __use_no_semihosting_swi                 0x080144bf   Thumb Code     2  use_no_semi.o(.text)
    __read_errno                             0x080144c1   Thumb Code    10  _rserrno.o(.text)
    __set_errno                              0x080144cb   Thumb Code    12  _rserrno.o(.text)
    _printf_int_common                       0x080144d7   Thumb Code   178  _printf_intcommon.o(.text)
    _printf_cs_common                        0x08014589   Thumb Code    20  _printf_char.o(.text)
    _printf_char                             0x0801459d   Thumb Code    16  _printf_char.o(.text)
    _printf_string                           0x080145ad   Thumb Code     8  _printf_char.o(.text)
    _printf_char_file                        0x080145b5   Thumb Code    32  _printf_char_file.o(.text)
    __aeabi_errno_addr                       0x080145d9   Thumb Code     8  rt_errno_addr_intlibspace.o(.text)
    __errno$intlibspace                      0x080145d9   Thumb Code     0  rt_errno_addr_intlibspace.o(.text)
    __rt_errno_addr$intlibspace              0x080145d9   Thumb Code     0  rt_errno_addr_intlibspace.o(.text)
    _printf_char_common                      0x080145eb   Thumb Code    32  _printf_char_common.o(.text)
    ferror                                   0x08014611   Thumb Code     8  ferror.o(.text)
    __user_libspace                          0x08014619   Thumb Code     8  libspace.o(.text)
    __user_perproc_libspace                  0x08014619   Thumb Code     0  libspace.o(.text)
    __user_perthread_libspace                0x08014619   Thumb Code     0  libspace.o(.text)
    __user_setup_stackheap                   0x08014621   Thumb Code    74  sys_stackheap_outer.o(.text)
    exit                                     0x0801466b   Thumb Code    18  exit.o(.text)
    OSStartHighRdy                           0x0801467d   Thumb Code     0  os_cpu_a.o(CODE)
    PendSV_Handler                           0x080146b3   Thumb Code     0  os_cpu_a.o(CODE)
    sqrt                                     0x08014715   Thumb Code    76  sqrt.o(i.sqrt)
    __aeabi_dadd                             0x08014761   Thumb Code     0  daddsub_clz.o(x$fpl$dadd)
    _dadd                                    0x08014761   Thumb Code   332  daddsub_clz.o(x$fpl$dadd)
    __fpl_dcmp_Inf                           0x080148b1   Thumb Code    24  dcmpi.o(x$fpl$dcmpinf)
    __aeabi_d2uiz                            0x080148c9   Thumb Code     0  dfixu.o(x$fpl$dfixu)
    _dfixu                                   0x080148c9   Thumb Code    90  dfixu.o(x$fpl$dfixu)
    __aeabi_i2d                              0x08014923   Thumb Code     0  dflt_clz.o(x$fpl$dflt)
    _dflt                                    0x08014923   Thumb Code    46  dflt_clz.o(x$fpl$dflt)
    __aeabi_ui2d                             0x08014951   Thumb Code     0  dflt_clz.o(x$fpl$dfltu)
    _dfltu                                   0x08014951   Thumb Code    38  dflt_clz.o(x$fpl$dfltu)
    __aeabi_cdcmple                          0x08014979   Thumb Code     0  dleqf.o(x$fpl$dleqf)
    _dcmple                                  0x08014979   Thumb Code   120  dleqf.o(x$fpl$dleqf)
    __fpl_dcmple_InfNaN                      0x080149db   Thumb Code     0  dleqf.o(x$fpl$dleqf)
    __aeabi_dmul                             0x080149f1   Thumb Code     0  dmul.o(x$fpl$dmul)
    _dmul                                    0x080149f1   Thumb Code   332  dmul.o(x$fpl$dmul)
    __fpl_dnaninf                            0x08014b45   Thumb Code   156  dnaninf.o(x$fpl$dnaninf)
    __fpl_dretinf                            0x08014be1   Thumb Code    12  dretinf.o(x$fpl$dretinf)
    __aeabi_cdrcmple                         0x08014bed   Thumb Code     0  drleqf.o(x$fpl$drleqf)
    _drcmple                                 0x08014bed   Thumb Code   108  drleqf.o(x$fpl$drleqf)
    __aeabi_drsub                            0x08014c59   Thumb Code     0  daddsub_clz.o(x$fpl$drsb)
    _drsb                                    0x08014c59   Thumb Code    22  daddsub_clz.o(x$fpl$drsb)
    _dsqrt                                   0x08014c71   Thumb Code   456  dsqrt_noumaal.o(x$fpl$dsqrt)
    __aeabi_dsub                             0x08014e3d   Thumb Code     0  daddsub_clz.o(x$fpl$dsub)
    _dsub                                    0x08014e3d   Thumb Code   464  daddsub_clz.o(x$fpl$dsub)
    __aeabi_f2d                              0x08015011   Thumb Code     0  f2d.o(x$fpl$f2d)
    _f2d                                     0x08015011   Thumb Code    86  f2d.o(x$fpl$f2d)
    __aeabi_fadd                             0x08015069   Thumb Code     0  faddsub_clz.o(x$fpl$fadd)
    _fadd                                    0x08015069   Thumb Code   196  faddsub_clz.o(x$fpl$fadd)
    __aeabi_fdiv                             0x0801512d   Thumb Code     0  fdiv.o(x$fpl$fdiv)
    _fdiv                                    0x0801512d   Thumb Code   384  fdiv.o(x$fpl$fdiv)
    __aeabi_f2iz                             0x080152b1   Thumb Code     0  ffix.o(x$fpl$ffix)
    _ffix                                    0x080152b1   Thumb Code    54  ffix.o(x$fpl$ffix)
    __aeabi_f2uiz                            0x080152e9   Thumb Code     0  ffixu.o(x$fpl$ffixu)
    _ffixu                                   0x080152e9   Thumb Code    62  ffixu.o(x$fpl$ffixu)
    __aeabi_i2f                              0x08015329   Thumb Code     0  fflt_clz.o(x$fpl$fflt)
    _fflt                                    0x08015329   Thumb Code    48  fflt_clz.o(x$fpl$fflt)
    __aeabi_ui2f                             0x08015359   Thumb Code     0  fflt_clz.o(x$fpl$ffltu)
    _ffltu                                   0x08015359   Thumb Code    38  fflt_clz.o(x$fpl$ffltu)
    __aeabi_fmul                             0x08015381   Thumb Code     0  fmul.o(x$fpl$fmul)
    _fmul                                    0x08015381   Thumb Code   258  fmul.o(x$fpl$fmul)
    __fpl_fnaninf                            0x08015483   Thumb Code   140  fnaninf.o(x$fpl$fnaninf)
    __fpl_fretinf                            0x0801550f   Thumb Code    10  fretinf.o(x$fpl$fretinf)
    __aeabi_fsub                             0x08015519   Thumb Code     0  faddsub_clz.o(x$fpl$fsub)
    _fsub                                    0x08015519   Thumb Code   234  faddsub_clz.o(x$fpl$fsub)
    __I$use$fp                               0x08015602   Number         0  usenofp.o(x$fpl$usenofp)
    asc2_1206                                0x08015602   Data        1140  lcd.o(.constdata)
    asc2_1608                                0x08015a76   Data        1520  lcd.o(.constdata)
    asc2_2412                                0x08016066   Data        3420  lcd.o(.constdata)
    GT9147_CFG_TBL                           0x08016dc2   Data         184  gt9147.o(.constdata)
    GT9147_TPX_TBL                           0x08016e7a   Data          10  gt9147.o(.constdata)
    OTT_TPX_TBL                              0x08016e84   Data          10  ott2001a.o(.constdata)
    TP_ADJDIS_TBL                            0x08016e8e   Data          12  touch.o(.constdata)
    CPU_EndiannessTest                       0x08016f9c   Data           4  cpu_core.o(.constdata)
    OSCfg_IdleTaskStkBasePtr                 0x08017034   Data           4  os_cfg_app.o(.constdata)
    OSCfg_IdleTaskStkLimit                   0x08017038   Data           4  os_cfg_app.o(.constdata)
    OSCfg_IdleTaskStkSize                    0x0801703c   Data           4  os_cfg_app.o(.constdata)
    OSCfg_IdleTaskStkSizeRAM                 0x08017040   Data           4  os_cfg_app.o(.constdata)
    OSCfg_IntQBasePtr                        0x08017044   Data           4  os_cfg_app.o(.constdata)
    OSCfg_IntQSize                           0x08017048   Data           2  os_cfg_app.o(.constdata)
    OSCfg_IntQSizeRAM                        0x0801704c   Data           4  os_cfg_app.o(.constdata)
    OSCfg_IntQTaskStkBasePtr                 0x08017050   Data           4  os_cfg_app.o(.constdata)
    OSCfg_IntQTaskStkLimit                   0x08017054   Data           4  os_cfg_app.o(.constdata)
    OSCfg_IntQTaskStkSize                    0x08017058   Data           4  os_cfg_app.o(.constdata)
    OSCfg_IntQTaskStkSizeRAM                 0x0801705c   Data           4  os_cfg_app.o(.constdata)
    OSCfg_ISRStkBasePtr                      0x08017060   Data           4  os_cfg_app.o(.constdata)
    OSCfg_ISRStkSize                         0x08017064   Data           4  os_cfg_app.o(.constdata)
    OSCfg_ISRStkSizeRAM                      0x08017068   Data           4  os_cfg_app.o(.constdata)
    OSCfg_MsgPoolSize                        0x0801706c   Data           2  os_cfg_app.o(.constdata)
    OSCfg_MsgPoolSizeRAM                     0x08017070   Data           4  os_cfg_app.o(.constdata)
    OSCfg_MsgPoolBasePtr                     0x08017074   Data           4  os_cfg_app.o(.constdata)
    OSCfg_StatTaskPrio                       0x08017078   Data           1  os_cfg_app.o(.constdata)
    OSCfg_StatTaskRate_Hz                    0x0801707c   Data           4  os_cfg_app.o(.constdata)
    OSCfg_StatTaskStkBasePtr                 0x08017080   Data           4  os_cfg_app.o(.constdata)
    OSCfg_StatTaskStkLimit                   0x08017084   Data           4  os_cfg_app.o(.constdata)
    OSCfg_StatTaskStkSize                    0x08017088   Data           4  os_cfg_app.o(.constdata)
    OSCfg_StatTaskStkSizeRAM                 0x0801708c   Data           4  os_cfg_app.o(.constdata)
    OSCfg_StkSizeMin                         0x08017090   Data           4  os_cfg_app.o(.constdata)
    OSCfg_TickRate_Hz                        0x08017094   Data           4  os_cfg_app.o(.constdata)
    OSCfg_TickTaskPrio                       0x08017098   Data           1  os_cfg_app.o(.constdata)
    OSCfg_TickTaskStkBasePtr                 0x0801709c   Data           4  os_cfg_app.o(.constdata)
    OSCfg_TickTaskStkLimit                   0x080170a0   Data           4  os_cfg_app.o(.constdata)
    OSCfg_TickTaskStkSize                    0x080170a4   Data           4  os_cfg_app.o(.constdata)
    OSCfg_TickTaskStkSizeRAM                 0x080170a8   Data           4  os_cfg_app.o(.constdata)
    OSCfg_TickWheelSize                      0x080170ac   Data           2  os_cfg_app.o(.constdata)
    OSCfg_TickWheelSizeRAM                   0x080170b0   Data           4  os_cfg_app.o(.constdata)
    OSCfg_TmrTaskPrio                        0x080170b4   Data           1  os_cfg_app.o(.constdata)
    OSCfg_TmrTaskRate_Hz                     0x080170b8   Data           4  os_cfg_app.o(.constdata)
    OSCfg_TmrTaskStkBasePtr                  0x080170bc   Data           4  os_cfg_app.o(.constdata)
    OSCfg_TmrTaskStkLimit                    0x080170c0   Data           4  os_cfg_app.o(.constdata)
    OSCfg_TmrTaskStkSize                     0x080170c4   Data           4  os_cfg_app.o(.constdata)
    OSCfg_TmrTaskStkSizeRAM                  0x080170c8   Data           4  os_cfg_app.o(.constdata)
    OSCfg_TmrWheelSize                       0x080170cc   Data           2  os_cfg_app.o(.constdata)
    OSCfg_TmrWheelSizeRAM                    0x080170d0   Data           4  os_cfg_app.o(.constdata)
    OSCfg_DataSizeRAM                        0x080170d4   Data           4  os_cfg_app.o(.constdata)
    OSDbg_DbgEn                              0x080170d8   Data           2  os_dbg.o(.constdata)
    OSDbg_ArgChkEn                           0x080170da   Data           1  os_dbg.o(.constdata)
    OSDbg_AppHooksEn                         0x080170db   Data           1  os_dbg.o(.constdata)
    OSDbg_EndiannessTest                     0x080170dc   Data           4  os_dbg.o(.constdata)
    OSDbg_CalledFromISRChkEn                 0x080170e0   Data           1  os_dbg.o(.constdata)
    OSDbg_FlagEn                             0x080170e1   Data           1  os_dbg.o(.constdata)
    OSDbg_FlagGrp                            0x080170e4   Data          40  os_dbg.o(.constdata)
    OSDbg_FlagDelEn                          0x0801710c   Data           1  os_dbg.o(.constdata)
    OSDbg_FlagModeClrEn                      0x0801710d   Data           1  os_dbg.o(.constdata)
    OSDbg_FlagPendAbortEn                    0x0801710e   Data           1  os_dbg.o(.constdata)
    OSDbg_FlagGrpSize                        0x08017110   Data           2  os_dbg.o(.constdata)
    OSDbg_FlagWidth                          0x08017112   Data           2  os_dbg.o(.constdata)
    OSDbg_IntQ                               0x08017114   Data           2  os_dbg.o(.constdata)
    OSDbg_ISRPostDeferredEn                  0x08017116   Data           1  os_dbg.o(.constdata)
    OSDbg_Mem                                0x08017118   Data          32  os_dbg.o(.constdata)
    OSDbg_MemEn                              0x08017138   Data           1  os_dbg.o(.constdata)
    OSDbg_MemSize                            0x0801713a   Data           2  os_dbg.o(.constdata)
    OSDbg_MsgEn                              0x0801713c   Data           1  os_dbg.o(.constdata)
    OSDbg_MsgSize                            0x0801713e   Data           2  os_dbg.o(.constdata)
    OSDbg_MsgPoolSize                        0x08017140   Data           2  os_dbg.o(.constdata)
    OSDbg_MsgQSize                           0x08017142   Data           2  os_dbg.o(.constdata)
    OSDbg_Mutex                              0x08017144   Data          44  os_dbg.o(.constdata)
    OSDbg_MutexEn                            0x08017170   Data           1  os_dbg.o(.constdata)
    OSDbg_MutexDelEn                         0x08017171   Data           1  os_dbg.o(.constdata)
    OSDbg_MutexPendAbortEn                   0x08017172   Data           1  os_dbg.o(.constdata)
    OSDbg_MutexSize                          0x08017174   Data           2  os_dbg.o(.constdata)
    OSDbg_ObjTypeChkEn                       0x08017176   Data           1  os_dbg.o(.constdata)
    OSDbg_PendMultiEn                        0x08017177   Data           1  os_dbg.o(.constdata)
    OSDbg_PendDataSize                       0x08017178   Data           2  os_dbg.o(.constdata)
    OSDbg_PendListSize                       0x0801717a   Data           2  os_dbg.o(.constdata)
    OSDbg_PendObjSize                        0x0801717c   Data           2  os_dbg.o(.constdata)
    OSDbg_PrioMax                            0x0801717e   Data           2  os_dbg.o(.constdata)
    OSDbg_PrioTblSize                        0x08017180   Data           2  os_dbg.o(.constdata)
    OSDbg_PtrSize                            0x08017182   Data           2  os_dbg.o(.constdata)
    OSDbg_Q                                  0x08017184   Data          48  os_dbg.o(.constdata)
    OSDbg_QEn                                0x080171b4   Data           1  os_dbg.o(.constdata)
    OSDbg_QDelEn                             0x080171b5   Data           1  os_dbg.o(.constdata)
    OSDbg_QFlushEn                           0x080171b6   Data           1  os_dbg.o(.constdata)
    OSDbg_QPendAbortEn                       0x080171b7   Data           1  os_dbg.o(.constdata)
    OSDbg_QSize                              0x080171b8   Data           2  os_dbg.o(.constdata)
    OSDbg_SchedRoundRobinEn                  0x080171ba   Data           1  os_dbg.o(.constdata)
    OSDbg_Sem                                0x080171bc   Data          40  os_dbg.o(.constdata)
    OSDbg_SemEn                              0x080171e4   Data           1  os_dbg.o(.constdata)
    OSDbg_SemDelEn                           0x080171e5   Data           1  os_dbg.o(.constdata)
    OSDbg_SemPendAbortEn                     0x080171e6   Data           1  os_dbg.o(.constdata)
    OSDbg_SemSetEn                           0x080171e7   Data           1  os_dbg.o(.constdata)
    OSDbg_SemSize                            0x080171e8   Data           2  os_dbg.o(.constdata)
    OSDbg_RdyList                            0x080171ea   Data           2  os_dbg.o(.constdata)
    OSDbg_RdyListSize                        0x080171ec   Data           4  os_dbg.o(.constdata)
    OSDbg_StkWidth                           0x080171f0   Data           1  os_dbg.o(.constdata)
    OSDbg_StatTaskEn                         0x080171f1   Data           1  os_dbg.o(.constdata)
    OSDbg_StatTaskStkChkEn                   0x080171f2   Data           1  os_dbg.o(.constdata)
    OSDbg_TaskChangePrioEn                   0x080171f3   Data           1  os_dbg.o(.constdata)
    OSDbg_TaskDelEn                          0x080171f4   Data           1  os_dbg.o(.constdata)
    OSDbg_TaskQEn                            0x080171f5   Data           1  os_dbg.o(.constdata)
    OSDbg_TaskQPendAbortEn                   0x080171f6   Data           1  os_dbg.o(.constdata)
    OSDbg_TaskProfileEn                      0x080171f7   Data           1  os_dbg.o(.constdata)
    OSDbg_TaskRegTblSize                     0x080171f8   Data           2  os_dbg.o(.constdata)
    OSDbg_TaskSemPendAbortEn                 0x080171fa   Data           1  os_dbg.o(.constdata)
    OSDbg_TaskSuspendEn                      0x080171fb   Data           1  os_dbg.o(.constdata)
    OSDbg_TCBSize                            0x080171fc   Data           2  os_dbg.o(.constdata)
    OSDbg_TickSpokeSize                      0x080171fe   Data           2  os_dbg.o(.constdata)
    OSDbg_TimeDlyHMSMEn                      0x08017200   Data           1  os_dbg.o(.constdata)
    OSDbg_TimeDlyResumeEn                    0x08017201   Data           1  os_dbg.o(.constdata)
    OSDbg_TLS_TblSize                        0x08017202   Data           2  os_dbg.o(.constdata)
    OSDbg_Tmr                                0x08017204   Data          52  os_dbg.o(.constdata)
    OSDbg_TmrEn                              0x08017238   Data           1  os_dbg.o(.constdata)
    OSDbg_TmrDelEn                           0x08017239   Data           1  os_dbg.o(.constdata)
    OSDbg_TmrSize                            0x0801723a   Data           2  os_dbg.o(.constdata)
    OSDbg_TmrSpokeSize                       0x0801723c   Data           2  os_dbg.o(.constdata)
    OSDbg_VersionNbr                         0x0801723e   Data           2  os_dbg.o(.constdata)
    OSDbg_DataSize                           0x08017240   Data           4  os_dbg.o(.constdata)
    Joystick_DeviceDescriptor                0x08017244   Data          18  usb_desc.o(.constdata)
    Joystick_ConfigDescriptor                0x08017256   Data          34  usb_desc.o(.constdata)
    Joystick_ReportDescriptor                0x08017278   Data          74  usb_desc.o(.constdata)
    Joystick_StringLangID                    0x080172c2   Data           4  usb_desc.o(.constdata)
    Joystick_StringVendor                    0x080172c6   Data          38  usb_desc.o(.constdata)
    Joystick_StringProduct                   0x080172ec   Data          34  usb_desc.o(.constdata)
    Region$$Table$$Base                      0x080173b4   Number         0  anon$$obj.o(Region$$Table)
    Region$$Table$$Limit                     0x080173d4   Number         0  anon$$obj.o(Region$$Table)
    SystemCoreClock                          0x20000000   Data           4  system_stm32f10x.o(.data)
    AHBPrescTable                            0x20000004   Data          16  system_stm32f10x.o(.data)
    POINT_COLOR                              0x20000016   Data           2  lcd.o(.data)
    BACK_COLOR                               0x20000018   Data           2  lcd.o(.data)
    tp_dev                                   0x2000001c   Data          52  touch.o(.data)
    CMD_RDX                                  0x20000050   Data           1  touch.o(.data)
    CMD_RDY                                  0x20000051   Data           1  touch.o(.data)
    TP_REMIND_MSG_TBL                        0x20000054   Data           4  touch.o(.data)
    __stdout                                 0x2000005c   Data           4  usart.o(.data)
    USART_RX_STA                             0x20000060   Data           2  usart.o(.data)
    CPU_TS_TmrFreq_Hz                        0x20000078   Data           4  cpu_core.o(.data)
    Mem_PoolTbl                              0x2000007c   Data           4  lib_mem.o(.data)
    OSPrioTbl                                0x20000080   Data           8  os_prio.o(.data)
    OS_AppTaskCreateHookPtr                  0x20000088   Data           4  os_var.o(.data)
    OS_AppTaskDelHookPtr                     0x2000008c   Data           4  os_var.o(.data)
    OS_AppTaskReturnHookPtr                  0x20000090   Data           4  os_var.o(.data)
    OS_AppIdleTaskHookPtr                    0x20000094   Data           4  os_var.o(.data)
    OS_AppStatTaskHookPtr                    0x20000098   Data           4  os_var.o(.data)
    OS_AppTaskSwHookPtr                      0x2000009c   Data           4  os_var.o(.data)
    OS_AppTimeTickHookPtr                    0x200000a0   Data           4  os_var.o(.data)
    OSIdleTaskCtr                            0x200000a4   Data           4  os_var.o(.data)
    OSIntNestingCtr                          0x200000a8   Data           1  os_var.o(.data)
    OSRunning                                0x200000a9   Data           1  os_var.o(.data)
    OSIntQInPtr                              0x200000ac   Data           4  os_var.o(.data)
    OSIntQOutPtr                             0x200000b0   Data           4  os_var.o(.data)
    OSIntQNbrEntries                         0x200000b4   Data           2  os_var.o(.data)
    OSIntQNbrEntriesMax                      0x200000b6   Data           2  os_var.o(.data)
    OSIntQOvfCtr                             0x200000b8   Data           2  os_var.o(.data)
    OSIntQTaskTimeMax                        0x200000bc   Data           4  os_var.o(.data)
    OSFlagDbgListPtr                         0x200000c0   Data           4  os_var.o(.data)
    OSFlagQty                                0x200000c4   Data           2  os_var.o(.data)
    OSMemDbgListPtr                          0x200000c8   Data           4  os_var.o(.data)
    OSMemQty                                 0x200000cc   Data           2  os_var.o(.data)
    OSMutexDbgListPtr                        0x200000d0   Data           4  os_var.o(.data)
    OSMutexQty                               0x200000d4   Data           2  os_var.o(.data)
    OSPrioCur                                0x200000d6   Data           1  os_var.o(.data)
    OSPrioHighRdy                            0x200000d7   Data           1  os_var.o(.data)
    OSPrioSaved                              0x200000d8   Data           1  os_var.o(.data)
    OSQDbgListPtr                            0x200000dc   Data           4  os_var.o(.data)
    OSQQty                                   0x200000e0   Data           2  os_var.o(.data)
    OSSchedLockTimeBegin                     0x200000e4   Data           4  os_var.o(.data)
    OSSchedLockTimeMax                       0x200000e8   Data           4  os_var.o(.data)
    OSSchedLockTimeMaxCur                    0x200000ec   Data           4  os_var.o(.data)
    OSSchedLockNestingCtr                    0x200000f0   Data           1  os_var.o(.data)
    OSSchedRoundRobinDfltTimeQuanta          0x200000f4   Data           4  os_var.o(.data)
    OSSchedRoundRobinEn                      0x200000f8   Data           1  os_var.o(.data)
    OSSemDbgListPtr                          0x200000fc   Data           4  os_var.o(.data)
    OSSemQty                                 0x20000100   Data           2  os_var.o(.data)
    OSStatResetFlag                          0x20000102   Data           1  os_var.o(.data)
    OSStatTaskCPUUsage                       0x20000104   Data           2  os_var.o(.data)
    OSStatTaskCPUUsageMax                    0x20000106   Data           2  os_var.o(.data)
    OSStatTaskCtr                            0x20000108   Data           4  os_var.o(.data)
    OSStatTaskCtrMax                         0x2000010c   Data           4  os_var.o(.data)
    OSStatTaskCtrRun                         0x20000110   Data           4  os_var.o(.data)
    OSStatTaskRdy                            0x20000114   Data           1  os_var.o(.data)
    OSStatTaskTimeMax                        0x20000118   Data           4  os_var.o(.data)
    OSTaskCtxSwCtr                           0x2000011c   Data           4  os_var.o(.data)
    OSTaskDbgListPtr                         0x20000120   Data           4  os_var.o(.data)
    OSTaskQty                                0x20000124   Data           2  os_var.o(.data)
    OSTaskRegNextAvailID                     0x20000126   Data           1  os_var.o(.data)
    OSTickCtr                                0x20000128   Data           4  os_var.o(.data)
    OSTickTaskTimeMax                        0x2000012c   Data           4  os_var.o(.data)
    OSTmrDbgListPtr                          0x20000130   Data           4  os_var.o(.data)
    OSTmrQty                                 0x20000134   Data           2  os_var.o(.data)
    OSTmrTaskTimeMax                         0x20000138   Data           4  os_var.o(.data)
    OSTmrTickCtr                             0x2000013c   Data           4  os_var.o(.data)
    OSTmrUpdateCnt                           0x20000140   Data           4  os_var.o(.data)
    OSTmrUpdateCtr                           0x20000144   Data           4  os_var.o(.data)
    OSTCBCurPtr                              0x20000148   Data           4  os_var.o(.data)
    OSTCBHighRdyPtr                          0x2000014c   Data           4  os_var.o(.data)
    OS_CPU_ExceptStkBase                     0x20000150   Data           4  os_cpu_c.o(.data)
    StatusInfo                               0x20000154   Data           2  usb_core.o(.data)
    Data_Mul_MaxPacketSize                   0x20000156   Data           1  usb_core.o(.data)
    EPindex                                  0x20000158   Data           1  usb_init.o(.data)
    pInformation                             0x2000015c   Data           4  usb_init.o(.data)
    pProperty                                0x20000160   Data           4  usb_init.o(.data)
    SaveState                                0x20000164   Data           2  usb_init.o(.data)
    wInterrupt_Mask                          0x20000166   Data           2  usb_init.o(.data)
    pUser_Standard_Requests                  0x20000168   Data           4  usb_init.o(.data)
    SaveRState                               0x2000016c   Data           2  usb_int.o(.data)
    SaveTState                               0x2000016e   Data           2  usb_int.o(.data)
    PrevXferComplete                         0x20000170   Data           1  hw_config.o(.data)
    Joystick_StringSerial                    0x20000171   Data          26  usb_desc.o(.data)
    wIstr                                    0x2000018c   Data           2  usb_istr.o(.data)
    bIntPackSOF                              0x2000018e   Data           1  usb_istr.o(.data)
    esof_counter                             0x20000190   Data           4  usb_istr.o(.data)
    wCNTR                                    0x20000194   Data           4  usb_istr.o(.data)
    pEpInt_IN                                0x20000198   Data          28  usb_istr.o(.data)
    pEpInt_OUT                               0x200001b4   Data          28  usb_istr.o(.data)
    ProtocolValue                            0x200001d0   Data           4  usb_prop.o(.data)
    Device_Table                             0x200001d4   Data           2  usb_prop.o(.data)
    Device_Property                          0x200001d8   Data          48  usb_prop.o(.data)
    User_Standard_Requests                   0x20000208   Data          36  usb_prop.o(.data)
    Device_Descriptor                        0x2000022c   Data           8  usb_prop.o(.data)
    Config_Descriptor                        0x20000234   Data           8  usb_prop.o(.data)
    Joystick_Report_Descriptor               0x2000023c   Data           8  usb_prop.o(.data)
    Mouse_Hid_Descriptor                     0x20000244   Data           8  usb_prop.o(.data)
    String_Descriptor                        0x2000024c   Data          32  usb_prop.o(.data)
    bDeviceState                             0x2000026c   Data           4  usb_pwr.o(.data)
    fSuspendEnabled                          0x20000270   Data           1  usb_pwr.o(.data)
    ResumeS                                  0x20000271   Data           2  usb_pwr.o(.data)
    remotewakeupon                           0x20000274   Data           4  usb_pwr.o(.data)
    StartTaskTCB                             0x20000278   Data         196  main.o(.bss)
    START_TASK_STK                           0x2000033c   Data        2048  main.o(.bss)
    MouseTaskTCB                             0x20000b3c   Data         196  main.o(.bss)
    MOUSE_TASK_STK                           0x20000c00   Data        8192  main.o(.bss)
    lcddev                                   0x20002c00   Data          14  lcd.o(.bss)
    USART_RX_BUF                             0x20002c0e   Data         200  usart.o(.bss)
    CPU_Name                                 0x20002cd6   Data          16  cpu_core.o(.bss)
    Mem_PoolHeap                             0x20002ce8   Data          72  lib_mem.o(.bss)
    Mem_Heap                                 0x20002d30   Data        1024  lib_mem.o(.bss)
    OSCfg_IdleTaskStk                        0x20003130   Data         512  os_cfg_app.o(.bss)
    OSCfg_IntQ                               0x20003330   Data         320  os_cfg_app.o(.bss)
    OSCfg_IntQTaskStk                        0x20003470   Data         512  os_cfg_app.o(.bss)
    OSCfg_ISRStk                             0x20003670   Data         512  os_cfg_app.o(.bss)
    OSCfg_MsgPool                            0x20003870   Data        1600  os_cfg_app.o(.bss)
    OSCfg_StatTaskStk                        0x20003eb0   Data         512  os_cfg_app.o(.bss)
    OSCfg_TickTaskStk                        0x200040b0   Data         512  os_cfg_app.o(.bss)
    OSCfg_TickWheel                          0x200042b0   Data         136  os_cfg_app.o(.bss)
    OSCfg_TmrTaskStk                         0x20004338   Data         512  os_cfg_app.o(.bss)
    OSCfg_TmrWheel                           0x20004538   Data         136  os_cfg_app.o(.bss)
    OSIdleTaskTCB                            0x200045c0   Data         196  os_var.o(.bss)
    OSIntQTaskTCB                            0x20004684   Data         196  os_var.o(.bss)
    OSMsgPool                                0x20004748   Data          12  os_var.o(.bss)
    OSRdyList                                0x20004754   Data         768  os_var.o(.bss)
    OSStatTaskTCB                            0x20004a54   Data         196  os_var.o(.bss)
    OSTickTaskTCB                            0x20004b18   Data         196  os_var.o(.bss)
    OSTmrTaskTCB                             0x20004bdc   Data         196  os_var.o(.bss)
    Device_Info                              0x20004ca0   Data          28  usb_init.o(.bss)
    EP                                       0x20004cbc   Data          32  usb_pwr.o(.bss)
    __libspace_start                         0x20004cdc   Data          96  libspace.o(.bss)
    __temporary_stack_top$libspace           0x20004d3c   Data           0  libspace.o(.bss)



==============================================================================

Memory Map of the image

  Image Entry point : 0x08000131

  Load Region LR_IROM1 (Base: 0x08000000, Size: 0x0001764c, Max: 0x00040000, ABSOLUTE, COMPRESSED[0x00017480])

    Execution Region ER_IROM1 (Exec base: 0x08000000, Load base: 0x08000000, Size: 0x000173d4, Max: 0x00040000, ABSOLUTE)

    Exec Addr    Load Addr    Size         Type   Attr      Idx    E Section Name        Object

    0x08000000   0x08000000   0x00000130   Data   RO          482    RESET               startup_stm32f10x_hd.o
    0x08000130   0x08000130   0x00000008   Code   RO         1227  * !!!main             c_w.l(__main.o)
    0x08000138   0x08000138   0x00000034   Code   RO         1487    !!!scatter          c_w.l(__scatter.o)
    0x0800016c   0x0800016c   0x0000005a   Code   RO         1485    !!dczerorl2         c_w.l(__dczerorl2.o)
    0x080001c6   0x080001c6   0x00000002   PAD
    0x080001c8   0x080001c8   0x0000001c   Code   RO         1489    !!handler_zi        c_w.l(__scatter_zi.o)
    0x080001e4   0x080001e4   0x00000000   Code   RO         1222    .ARM.Collect$$_printf_percent$$00000000  c_w.l(_printf_percent.o)
    0x080001e4   0x080001e4   0x00000006   Code   RO         1221    .ARM.Collect$$_printf_percent$$00000009  c_w.l(_printf_d.o)
    0x080001ea   0x080001ea   0x00000006   Code   RO         1220    .ARM.Collect$$_printf_percent$$0000000C  c_w.l(_printf_x.o)
    0x080001f0   0x080001f0   0x00000006   Code   RO         1219    .ARM.Collect$$_printf_percent$$00000014  c_w.l(_printf_s.o)
    0x080001f6   0x080001f6   0x00000004   Code   RO         1302    .ARM.Collect$$_printf_percent$$00000017  c_w.l(_printf_percent_end.o)
    0x080001fa   0x080001fa   0x00000002   Code   RO         1362    .ARM.Collect$$libinit$$00000000  c_w.l(libinit.o)
    0x080001fc   0x080001fc   0x00000000   Code   RO         1372    .ARM.Collect$$libinit$$00000002  c_w.l(libinit2.o)
    0x080001fc   0x080001fc   0x00000000   Code   RO         1374    .ARM.Collect$$libinit$$00000004  c_w.l(libinit2.o)
    0x080001fc   0x080001fc   0x00000000   Code   RO         1377    .ARM.Collect$$libinit$$0000000A  c_w.l(libinit2.o)
    0x080001fc   0x080001fc   0x00000000   Code   RO         1379    .ARM.Collect$$libinit$$0000000C  c_w.l(libinit2.o)
    0x080001fc   0x080001fc   0x00000000   Code   RO         1381    .ARM.Collect$$libinit$$0000000E  c_w.l(libinit2.o)
    0x080001fc   0x080001fc   0x00000000   Code   RO         1384    .ARM.Collect$$libinit$$00000011  c_w.l(libinit2.o)
    0x080001fc   0x080001fc   0x00000000   Code   RO         1386    .ARM.Collect$$libinit$$00000013  c_w.l(libinit2.o)
    0x080001fc   0x080001fc   0x00000000   Code   RO         1388    .ARM.Collect$$libinit$$00000015  c_w.l(libinit2.o)
    0x080001fc   0x080001fc   0x00000000   Code   RO         1390    .ARM.Collect$$libinit$$00000017  c_w.l(libinit2.o)
    0x080001fc   0x080001fc   0x00000000   Code   RO         1392    .ARM.Collect$$libinit$$00000019  c_w.l(libinit2.o)
    0x080001fc   0x080001fc   0x00000000   Code   RO         1394    .ARM.Collect$$libinit$$0000001B  c_w.l(libinit2.o)
    0x080001fc   0x080001fc   0x00000000   Code   RO         1396    .ARM.Collect$$libinit$$0000001D  c_w.l(libinit2.o)
    0x080001fc   0x080001fc   0x00000000   Code   RO         1398    .ARM.Collect$$libinit$$0000001F  c_w.l(libinit2.o)
    0x080001fc   0x080001fc   0x00000000   Code   RO         1400    .ARM.Collect$$libinit$$00000021  c_w.l(libinit2.o)
    0x080001fc   0x080001fc   0x00000000   Code   RO         1402    .ARM.Collect$$libinit$$00000023  c_w.l(libinit2.o)
    0x080001fc   0x080001fc   0x00000000   Code   RO         1404    .ARM.Collect$$libinit$$00000025  c_w.l(libinit2.o)
    0x080001fc   0x080001fc   0x00000000   Code   RO         1408    .ARM.Collect$$libinit$$0000002C  c_w.l(libinit2.o)
    0x080001fc   0x080001fc   0x00000000   Code   RO         1410    .ARM.Collect$$libinit$$0000002E  c_w.l(libinit2.o)
    0x080001fc   0x080001fc   0x00000000   Code   RO         1412    .ARM.Collect$$libinit$$00000030  c_w.l(libinit2.o)
    0x080001fc   0x080001fc   0x00000000   Code   RO         1414    .ARM.Collect$$libinit$$00000032  c_w.l(libinit2.o)
    0x080001fc   0x080001fc   0x00000002   Code   RO         1415    .ARM.Collect$$libinit$$00000033  c_w.l(libinit2.o)
    0x080001fe   0x080001fe   0x00000002   Code   RO         1441    .ARM.Collect$$libshutdown$$00000000  c_w.l(libshutdown.o)
    0x08000200   0x08000200   0x00000000   Code   RO         1468    .ARM.Collect$$libshutdown$$00000002  c_w.l(libshutdown2.o)
    0x08000200   0x08000200   0x00000000   Code   RO         1470    .ARM.Collect$$libshutdown$$00000004  c_w.l(libshutdown2.o)
    0x08000200   0x08000200   0x00000000   Code   RO         1473    .ARM.Collect$$libshutdown$$00000007  c_w.l(libshutdown2.o)
    0x08000200   0x08000200   0x00000000   Code   RO         1476    .ARM.Collect$$libshutdown$$0000000A  c_w.l(libshutdown2.o)
    0x08000200   0x08000200   0x00000000   Code   RO         1478    .ARM.Collect$$libshutdown$$0000000C  c_w.l(libshutdown2.o)
    0x08000200   0x08000200   0x00000000   Code   RO         1481    .ARM.Collect$$libshutdown$$0000000F  c_w.l(libshutdown2.o)
    0x08000200   0x08000200   0x00000002   Code   RO         1482    .ARM.Collect$$libshutdown$$00000010  c_w.l(libshutdown2.o)
    0x08000202   0x08000202   0x00000000   Code   RO         1289    .ARM.Collect$$rtentry$$00000000  c_w.l(__rtentry.o)
    0x08000202   0x08000202   0x00000000   Code   RO         1317    .ARM.Collect$$rtentry$$00000002  c_w.l(__rtentry2.o)
    0x08000202   0x08000202   0x00000006   Code   RO         1329    .ARM.Collect$$rtentry$$00000004  c_w.l(__rtentry4.o)
    0x08000208   0x08000208   0x00000000   Code   RO         1319    .ARM.Collect$$rtentry$$00000009  c_w.l(__rtentry2.o)
    0x08000208   0x08000208   0x00000004   Code   RO         1320    .ARM.Collect$$rtentry$$0000000A  c_w.l(__rtentry2.o)
    0x0800020c   0x0800020c   0x00000000   Code   RO         1322    .ARM.Collect$$rtentry$$0000000C  c_w.l(__rtentry2.o)
    0x0800020c   0x0800020c   0x00000008   Code   RO         1323    .ARM.Collect$$rtentry$$0000000D  c_w.l(__rtentry2.o)
    0x08000214   0x08000214   0x00000002   Code   RO         1363    .ARM.Collect$$rtexit$$00000000  c_w.l(rtexit.o)
    0x08000216   0x08000216   0x00000000   Code   RO         1417    .ARM.Collect$$rtexit$$00000002  c_w.l(rtexit2.o)
    0x08000216   0x08000216   0x00000004   Code   RO         1418    .ARM.Collect$$rtexit$$00000003  c_w.l(rtexit2.o)
    0x0800021a   0x0800021a   0x00000006   Code   RO         1419    .ARM.Collect$$rtexit$$00000004  c_w.l(rtexit2.o)
    0x08000220   0x08000220   0x000004fc   Code   RO            1    .text               main.o
    0x0800071c   0x0800071c   0x00000016   Code   RO          213    .text               stm32f10x_it.o
    0x08000732   0x08000732   0x00000002   PAD
    0x08000734   0x08000734   0x000001e0   Code   RO          248    .text               system_stm32f10x.o
    0x08000914   0x08000914   0x00000050   Code   RO          266    .text               led.o
    0x08000964   0x08000964   0x0000017a   Code   RO          278    .text               24cxx.o
    0x08000ade   0x08000ade   0x00000002   PAD
    0x08000ae0   0x08000ae0   0x00000258   Code   RO          290    .text               myiic.o
    0x08000d38   0x08000d38   0x000000fc   Code   RO          302    .text               key.o
    0x08000e34   0x08000e34   0x000058a4   Code   RO          315    .text               lcd.o
    0x080066d8   0x080066d8   0x00000260   Code   RO          345    .text               ctiic.o
    0x08006938   0x08006938   0x00000400   Code   RO          360    .text               gt9147.o
    0x08006d38   0x08006d38   0x0000036c   Code   RO          380    .text               ott2001a.o
    0x080070a4   0x080070a4   0x00000c18   Code   RO          396    .text               touch.o
    0x08007cbc   0x08007cbc   0x0000014c   Code   RO          416    .text               delay.o
    0x08007e08   0x08007e08   0x00000150   Code   RO          447    .text               usart.o
    0x08007f58   0x08007f58   0x00000040   Code   RO          483    .text               startup_stm32f10x_hd.o
    0x08007f98   0x08007f98   0x000000dc   Code   RO          487    .text               misc.o
    0x08008074   0x08008074   0x0000035c   Code   RO          499    .text               stm32f10x_gpio.o
    0x080083d0   0x080083d0   0x00000408   Code   RO          511    .text               stm32f10x_usart.o
    0x080087d8   0x080087d8   0x000003a4   Code   RO          523    .text               stm32f10x_rcc.o
    0x08008b7c   0x08008b7c   0x0000011c   Code   RO          537    .text               stm32f10x_exti.o
    0x08008c98   0x08008c98   0x00000084   Code   RO          549    .text               bsp.o
    0x08008d1c   0x08008d1c   0x000002a8   Code   RO          564    .text               cpu_core.o
    0x08008fc4   0x08008fc4   0x00000034   Code   RO          602    .text               cpu_a.o
    0x08008ff8   0x08008ff8   0x00000256   Code   RO          605    .text               lib_ascii.o
    0x0800924e   0x0800924e   0x00000002   PAD
    0x08009250   0x08009250   0x000009c6   Code   RO          638    .text               lib_mem.o
    0x08009c16   0x08009c16   0x00000002   PAD
    0x08009c18   0x08009c18   0x0000092c   Code   RO          657    .text               lib_str.o
    0x0800a544   0x0800a544   0x00000220   Code   RO          674    .text               lib_mem_a.o
    0x0800a764   0x0800a764   0x000000fc   Code   RO          677    .text               os_cfg_app.o
    0x0800a860   0x0800a860   0x00000e04   Code   RO          700    .text               os_core.o
    0x0800b664   0x0800b664   0x000001b0   Code   RO          712    .text               os_dbg.o
    0x0800b814   0x0800b814   0x00000e28   Code   RO          727    .text               os_flag.o
    0x0800c63c   0x0800c63c   0x00000444   Code   RO          739    .text               os_int.o
    0x0800ca80   0x0800ca80   0x00000238   Code   RO          751    .text               os_mem.o
    0x0800ccb8   0x0800ccb8   0x0000022c   Code   RO          763    .text               os_msg.o
    0x0800cee4   0x0800cee4   0x00000ad4   Code   RO          775    .text               os_mutex.o
    0x0800d9b8   0x0800d9b8   0x0000007c   Code   RO          793    .text               os_prio.o
    0x0800da34   0x0800da34   0x000008d8   Code   RO          812    .text               os_q.o
    0x0800e30c   0x0800e30c   0x00000830   Code   RO          824    .text               os_sem.o
    0x0800eb3c   0x0800eb3c   0x00000638   Code   RO          836    .text               os_stat.o
    0x0800f174   0x0800f174   0x00001bb4   Code   RO          848    .text               os_task.o
    0x08010d28   0x08010d28   0x000004fc   Code   RO          860    .text               os_tick.o
    0x08011224   0x08011224   0x00000564   Code   RO          872    .text               os_time.o
    0x08011788   0x08011788   0x00000818   Code   RO          884    .text               os_tmr.o
    0x08011fa0   0x08011fa0   0x0000026c   Code   RO          913    .text               os_cpu_c.o
    0x0801220c   0x0801220c   0x00000b50   Code   RO          946    .text               usb_core.o
    0x08012d5c   0x08012d5c   0x0000003c   Code   RO          964    .text               usb_init.o
    0x08012d98   0x08012d98   0x0000033c   Code   RO          987    .text               usb_int.o
    0x080130d4   0x080130d4   0x0000005c   Code   RO         1011    .text               usb_mem.o
    0x08013130   0x08013130   0x00000808   Code   RO         1023    .text               usb_regs.o
    0x08013938   0x08013938   0x00000080   Code   RO         1035    .text               usb_sil.o
    0x080139b8   0x080139b8   0x00000220   Code   RO         1047    .text               hw_config.o
    0x08013bd8   0x08013bd8   0x0000000c   Code   RO         1086    .text               usb_endp.o
    0x08013be4   0x08013be4   0x000001cc   Code   RO         1099    .text               usb_istr.o
    0x08013db0   0x08013db0   0x0000021c   Code   RO         1120    .text               usb_prop.o
    0x08013fcc   0x08013fcc   0x000001d8   Code   RO         1143    .text               usb_pwr.o
    0x080141a4   0x080141a4   0x00000002   Code   RO         1164    .text               c_w.l(use_no_semi_2.o)
    0x080141a6   0x080141a6   0x000000ee   Code   RO         1166    .text               c_w.l(lludivv7m.o)
    0x08014294   0x08014294   0x00000018   Code   RO         1170    .text               c_w.l(noretval__2printf.o)
    0x080142ac   0x080142ac   0x00000068   Code   RO         1172    .text               c_w.l(__printf.o)
    0x08014314   0x08014314   0x00000052   Code   RO         1174    .text               c_w.l(_printf_str.o)
    0x08014366   0x08014366   0x00000002   PAD
    0x08014368   0x08014368   0x00000078   Code   RO         1176    .text               c_w.l(_printf_dec.o)
    0x080143e0   0x080143e0   0x00000058   Code   RO         1181    .text               c_w.l(_printf_hex_int.o)
    0x08014438   0x08014438   0x00000080   Code   RO         1223    .text               c_w.l(strcmpv7m.o)
    0x080144b8   0x080144b8   0x00000006   Code   RO         1225    .text               c_w.l(heapauxi.o)
    0x080144be   0x080144be   0x00000002   Code   RO         1287    .text               c_w.l(use_no_semi.o)
    0x080144c0   0x080144c0   0x00000016   Code   RO         1294    .text               c_w.l(_rserrno.o)
    0x080144d6   0x080144d6   0x000000b2   Code   RO         1296    .text               c_w.l(_printf_intcommon.o)
    0x08014588   0x08014588   0x0000002c   Code   RO         1298    .text               c_w.l(_printf_char.o)
    0x080145b4   0x080145b4   0x00000024   Code   RO         1300    .text               c_w.l(_printf_char_file.o)
    0x080145d8   0x080145d8   0x00000008   Code   RO         1336    .text               c_w.l(rt_errno_addr_intlibspace.o)
    0x080145e0   0x080145e0   0x00000030   Code   RO         1338    .text               c_w.l(_printf_char_common.o)
    0x08014610   0x08014610   0x00000008   Code   RO         1340    .text               c_w.l(ferror.o)
    0x08014618   0x08014618   0x00000008   Code   RO         1344    .text               c_w.l(libspace.o)
    0x08014620   0x08014620   0x0000004a   Code   RO         1347    .text               c_w.l(sys_stackheap_outer.o)
    0x0801466a   0x0801466a   0x00000012   Code   RO         1351    .text               c_w.l(exit.o)
    0x0801467c   0x0801467c   0x00000098   Code   RO          910    CODE                os_cpu_a.o
    0x08014714   0x08014714   0x0000004c   Code   RO         1280    i.sqrt              m_ws.l(sqrt.o)
    0x08014760   0x08014760   0x00000150   Code   RO         1229    x$fpl$dadd          fz_ws.l(daddsub_clz.o)
    0x080148b0   0x080148b0   0x00000018   Code   RO         1303    x$fpl$dcmpinf       fz_ws.l(dcmpi.o)
    0x080148c8   0x080148c8   0x0000005a   Code   RO         1235    x$fpl$dfixu         fz_ws.l(dfixu.o)
    0x08014922   0x08014922   0x0000002e   Code   RO         1240    x$fpl$dflt          fz_ws.l(dflt_clz.o)
    0x08014950   0x08014950   0x00000026   Code   RO         1239    x$fpl$dfltu         fz_ws.l(dflt_clz.o)
    0x08014976   0x08014976   0x00000002   PAD
    0x08014978   0x08014978   0x00000078   Code   RO         1245    x$fpl$dleqf         fz_ws.l(dleqf.o)
    0x080149f0   0x080149f0   0x00000154   Code   RO         1247    x$fpl$dmul          fz_ws.l(dmul.o)
    0x08014b44   0x08014b44   0x0000009c   Code   RO         1305    x$fpl$dnaninf       fz_ws.l(dnaninf.o)
    0x08014be0   0x08014be0   0x0000000c   Code   RO         1307    x$fpl$dretinf       fz_ws.l(dretinf.o)
    0x08014bec   0x08014bec   0x0000006c   Code   RO         1249    x$fpl$drleqf        fz_ws.l(drleqf.o)
    0x08014c58   0x08014c58   0x00000016   Code   RO         1230    x$fpl$drsb          fz_ws.l(daddsub_clz.o)
    0x08014c6e   0x08014c6e   0x00000002   PAD
    0x08014c70   0x08014c70   0x000001cc   Code   RO         1309    x$fpl$dsqrt         fz_ws.l(dsqrt_noumaal.o)
    0x08014e3c   0x08014e3c   0x000001d4   Code   RO         1231    x$fpl$dsub          fz_ws.l(daddsub_clz.o)
    0x08015010   0x08015010   0x00000056   Code   RO         1251    x$fpl$f2d           fz_ws.l(f2d.o)
    0x08015066   0x08015066   0x00000002   PAD
    0x08015068   0x08015068   0x000000c4   Code   RO         1253    x$fpl$fadd          fz_ws.l(faddsub_clz.o)
    0x0801512c   0x0801512c   0x00000184   Code   RO         1260    x$fpl$fdiv          fz_ws.l(fdiv.o)
    0x080152b0   0x080152b0   0x00000036   Code   RO         1263    x$fpl$ffix          fz_ws.l(ffix.o)
    0x080152e6   0x080152e6   0x00000002   PAD
    0x080152e8   0x080152e8   0x0000003e   Code   RO         1267    x$fpl$ffixu         fz_ws.l(ffixu.o)
    0x08015326   0x08015326   0x00000002   PAD
    0x08015328   0x08015328   0x00000030   Code   RO         1272    x$fpl$fflt          fz_ws.l(fflt_clz.o)
    0x08015358   0x08015358   0x00000026   Code   RO         1271    x$fpl$ffltu         fz_ws.l(fflt_clz.o)
    0x0801537e   0x0801537e   0x00000002   PAD
    0x08015380   0x08015380   0x00000102   Code   RO         1277    x$fpl$fmul          fz_ws.l(fmul.o)
    0x08015482   0x08015482   0x0000008c   Code   RO         1311    x$fpl$fnaninf       fz_ws.l(fnaninf.o)
    0x0801550e   0x0801550e   0x0000000a   Code   RO         1313    x$fpl$fretinf       fz_ws.l(fretinf.o)
    0x08015518   0x08015518   0x000000ea   Code   RO         1255    x$fpl$fsub          fz_ws.l(faddsub_clz.o)
    0x08015602   0x08015602   0x00000000   Code   RO         1315    x$fpl$usenofp       fz_ws.l(usenofp.o)
    0x08015602   0x08015602   0x000017c0   Data   RO          317    .constdata          lcd.o
    0x08016dc2   0x08016dc2   0x000000c2   Data   RO          361    .constdata          gt9147.o
    0x08016e84   0x08016e84   0x0000000a   Data   RO          381    .constdata          ott2001a.o
    0x08016e8e   0x08016e8e   0x0000000c   Data   RO          397    .constdata          touch.o
    0x08016e9a   0x08016e9a   0x00000002   PAD
    0x08016e9c   0x08016e9c   0x00000104   Data   RO          566    .constdata          cpu_core.o
    0x08016fa0   0x08016fa0   0x00000094   Data   RO          658    .constdata          lib_str.o
    0x08017034   0x08017034   0x000000a4   Data   RO          679    .constdata          os_cfg_app.o
    0x080170d8   0x080170d8   0x0000016c   Data   RO          713    .constdata          os_dbg.o
    0x08017244   0x08017244   0x000000ca   Data   RO         1073    .constdata          usb_desc.o
    0x0801730e   0x0801730e   0x00000028   Data   RO         1182    .constdata          c_w.l(_printf_hex_int.o)
    0x08017336   0x08017336   0x00000002   PAD
    0x08017338   0x08017338   0x00000079   Data   RO          398    .conststring        touch.o
    0x080173b1   0x080173b1   0x00000003   PAD
    0x080173b4   0x080173b4   0x00000020   Data   RO         1483    Region$$Table       anon$$obj.o


    Execution Region RW_IRAM1 (Exec base: 0x20000000, Load base: 0x080173d4, Size: 0x00005740, Max: 0x0000c000, ABSOLUTE, COMPRESSED[0x000000ac])

    Exec Addr    Load Addr    Size         Type   Attr      Idx    E Section Name        Object

    0x20000000   COMPRESSED   0x00000014   Data   RW          249    .data               system_stm32f10x.o
    0x20000014   COMPRESSED   0x00000001   Data   RW          303    .data               key.o
    0x20000015   COMPRESSED   0x00000001   PAD
    0x20000016   COMPRESSED   0x00000004   Data   RW          318    .data               lcd.o
    0x2000001a   COMPRESSED   0x00000001   Data   RW          362    .data               gt9147.o
    0x2000001b   COMPRESSED   0x00000001   Data   RW          382    .data               ott2001a.o
    0x2000001c   COMPRESSED   0x0000003c   Data   RW          399    .data               touch.o
    0x20000058   COMPRESSED   0x00000004   Data   RW          417    .data               delay.o
    0x2000005c   COMPRESSED   0x00000006   Data   RW          449    .data               usart.o
    0x20000062   COMPRESSED   0x00000014   Data   RW          524    .data               stm32f10x_rcc.o
    0x20000076   COMPRESSED   0x00000002   PAD
    0x20000078   COMPRESSED   0x00000004   Data   RW          567    .data               cpu_core.o
    0x2000007c   COMPRESSED   0x00000004   Data   RW          640    .data               lib_mem.o
    0x20000080   COMPRESSED   0x00000008   Data   RW          794    .data               os_prio.o
    0x20000088   COMPRESSED   0x000000c8   Data   RW          897    .data               os_var.o
    0x20000150   COMPRESSED   0x00000004   Data   RW          914    .data               os_cpu_c.o
    0x20000154   COMPRESSED   0x00000003   Data   RW          947    .data               usb_core.o
    0x20000157   COMPRESSED   0x00000001   PAD
    0x20000158   COMPRESSED   0x00000014   Data   RW          966    .data               usb_init.o
    0x2000016c   COMPRESSED   0x00000004   Data   RW          988    .data               usb_int.o
    0x20000170   COMPRESSED   0x00000001   Data   RW         1048    .data               hw_config.o
    0x20000171   COMPRESSED   0x0000001a   Data   RW         1074    .data               usb_desc.o
    0x2000018b   COMPRESSED   0x00000001   PAD
    0x2000018c   COMPRESSED   0x00000044   Data   RW         1100    .data               usb_istr.o
    0x200001d0   COMPRESSED   0x0000009c   Data   RW         1121    .data               usb_prop.o
    0x2000026c   COMPRESSED   0x0000000c   Data   RW         1145    .data               usb_pwr.o
    0x20000278        -       0x00002988   Zero   RW            2    .bss                main.o
    0x20002c00        -       0x0000000e   Zero   RW          316    .bss                lcd.o
    0x20002c0e        -       0x000000c8   Zero   RW          448    .bss                usart.o
    0x20002cd6        -       0x00000010   Zero   RW          565    .bss                cpu_core.o
    0x20002ce6   COMPRESSED   0x00000002   PAD
    0x20002ce8        -       0x00000448   Zero   RW          639    .bss                lib_mem.o
    0x20003130        -       0x00001490   Zero   RW          678    .bss                os_cfg_app.o
    0x200045c0        -       0x000006e0   Zero   RW          896    .bss                os_var.o
    0x20004ca0        -       0x0000001c   Zero   RW          965    .bss                usb_init.o
    0x20004cbc        -       0x00000020   Zero   RW         1144    .bss                usb_pwr.o
    0x20004cdc        -       0x00000060   Zero   RW         1345    .bss                c_w.l(libspace.o)
    0x20004d3c   COMPRESSED   0x00000004   PAD
    0x20004d40        -       0x00000200   Zero   RW          481    HEAP                startup_stm32f10x_hd.o
    0x20004f40        -       0x00000800   Zero   RW          480    STACK               startup_stm32f10x_hd.o


==============================================================================

Image component sizes


      Code (inc. data)   RO Data    RW Data    ZI Data      Debug   Object Name

       378          0          0          0          0       2790   24cxx.o
       132         12          0          0          0       1147   bsp.o
        52          0          0          0          0        332   cpu_a.o
       680         14        260          4         16      14379   cpu_core.o
       608         18          0          0          0       2017   ctiic.o
       332         28          0          4          0       1809   delay.o
      1024         74        194          1          0       2886   gt9147.o
       544        128          0          1          0       3272   hw_config.o
       252         16          0          1          0        832   key.o
     22692        204       6080          4         14      24348   lcd.o
        80          8          0          0          0        491   led.o
       598          0          0          0          0       3880   lib_ascii.o
      2502         32          0          4       1096      22204   lib_mem.o
       544          0          0          0          0        476   lib_mem_a.o
      2348          6        148          0          0      13770   lib_str.o
      1276        182          0          0      10632     289024   main.o
       220         22          0          0          0       1817   misc.o
       600         12          0          0          0       1868   myiic.o
       252        166        164          0       5264      20890   os_cfg_app.o
      3588        294          0          0          0      12453   os_core.o
       152         32          0          0          0        388   os_cpu_a.o
       620         66          0          4          0       3793   os_cpu_c.o
       432        286        364          0          0       4737   os_dbg.o
      3624        110          0          0          0       8031   os_flag.o
      1092        146          0          0          0       2336   os_int.o
       568         20          0          0          0       2760   os_mem.o
       556         12          0          0          0       2799   os_msg.o
      2772        114          0          0          0       5570   os_mutex.o
       124          4          0          8          0       1740   os_prio.o
      2264         76          0          0          0       6332   os_q.o
      2096         70          0          0          0       6348   os_sem.o
      1592        180          0          0          0       2817   os_stat.o
      7092        270          0          0          0      14174   os_task.o
      1276         90          0          0          0       3285   os_tick.o
      1380         46          0          0          0       3289   os_time.o
      2072        140          0          0          0       6474   os_tmr.o
         0          0          0        200       1760      19349   os_var.o
       876         56         10          1          0       2691   ott2001a.o
        64         26        304          0       2560        788   startup_stm32f10x_hd.o
       284         10          0          0          0       2275   stm32f10x_exti.o
       860         38          0          0          0       5753   stm32f10x_gpio.o
        22          0          0          0          0        991   stm32f10x_it.o
       932         36          0         20          0       8928   stm32f10x_rcc.o
      1032         22          0          0          0       8472   stm32f10x_usart.o
         0          0          0          0          0         32   sys.o
       480         38          0         20          0       1719   system_stm32f10x.o
      3096        184        133         60          0       6591   touch.o
       336         18          0          6        200       3190   usart.o
      2896        114          0          3          0       8551   usb_core.o
         0          0        202         26          0       1049   usb_desc.o
        12          4          0          0          0        426   usb_endp.o
        60         24          0         20         28       4154   usb_init.o
       828         34          0          4          0       1951   usb_int.o
       460         38          0         68          0       1591   usb_istr.o
        92          6          0          0          0       1442   usb_mem.o
       540         46          0        156          0       7626   usb_prop.o
       472         32          0         12         32       2751   usb_pwr.o
      2056         20          0          0          0      12021   usb_regs.o
       128          8          0          0          0       1506   usb_sil.o

    ----------------------------------------------------------------------
     81948       3632       7896        632      21604     599405   Object Totals
         0          0         32          0          0          0   (incl. Generated)
         8          0          5          5          2          0   (incl. Padding)

    ----------------------------------------------------------------------

      Code (inc. data)   RO Data    RW Data    ZI Data      Debug   Library Member Name

        90          0          0          0          0          0   __dczerorl2.o
         8          0          0          0          0         68   __main.o
       104          0          0          0          0         84   __printf.o
         0          0          0          0          0          0   __rtentry.o
        12          0          0          0          0          0   __rtentry2.o
         6          0          0          0          0          0   __rtentry4.o
        52          8          0          0          0          0   __scatter.o
        28          0          0          0          0          0   __scatter_zi.o
        44          0          0          0          0        108   _printf_char.o
        48          6          0          0          0         96   _printf_char_common.o
        36          4          0          0          0         80   _printf_char_file.o
         6          0          0          0          0          0   _printf_d.o
       120         16          0          0          0         92   _printf_dec.o
        88          4         40          0          0         88   _printf_hex_int.o
       178          0          0          0          0         88   _printf_intcommon.o
         0          0          0          0          0          0   _printf_percent.o
         4          0          0          0          0          0   _printf_percent_end.o
         6          0          0          0          0          0   _printf_s.o
        82          0          0          0          0         80   _printf_str.o
         6          0          0          0          0          0   _printf_x.o
        22          0          0          0          0        100   _rserrno.o
        18          0          0          0          0         80   exit.o
         8          0          0          0          0         68   ferror.o
         6          0          0          0          0        152   heapauxi.o
         2          0          0          0          0          0   libinit.o
         2          0          0          0          0          0   libinit2.o
         2          0          0          0          0          0   libshutdown.o
         2          0          0          0          0          0   libshutdown2.o
         8          4          0          0         96         68   libspace.o
       238          0          0          0          0        100   lludivv7m.o
        24          4          0          0          0         84   noretval__2printf.o
         8          4          0          0          0         68   rt_errno_addr_intlibspace.o
         2          0          0          0          0          0   rtexit.o
        10          0          0          0          0          0   rtexit2.o
       128          0          0          0          0         68   strcmpv7m.o
        74          0          0          0          0         80   sys_stackheap_outer.o
         2          0          0          0          0         68   use_no_semi.o
         2          0          0          0          0         68   use_no_semi_2.o
       826         16          0          0          0        348   daddsub_clz.o
        24          0          0          0          0         68   dcmpi.o
        90          4          0          0          0         92   dfixu.o
        84          0          0          0          0        136   dflt_clz.o
       120          4          0          0          0         92   dleqf.o
       340         12          0          0          0        104   dmul.o
       156          4          0          0          0         92   dnaninf.o
        12          0          0          0          0         68   dretinf.o
       108          0          0          0          0         80   drleqf.o
       460         56          0          0          0        120   dsqrt_noumaal.o
        86          4          0          0          0         84   f2d.o
       430          8          0          0          0        168   faddsub_clz.o
       388         76          0          0          0         96   fdiv.o
        54          4          0          0          0         84   ffix.o
        62          4          0          0          0         84   ffixu.o
        86          0          0          0          0        136   fflt_clz.o
       258          4          0          0          0         84   fmul.o
       140          4          0          0          0         84   fnaninf.o
        10          0          0          0          0         68   fretinf.o
         0          0          0          0          0          0   usenofp.o
        76          0          0          0          0         84   sqrt.o

    ----------------------------------------------------------------------
      5302        250         42          0        100       3960   Library Totals
        16          0          2          0          4          0   (incl. Padding)

    ----------------------------------------------------------------------

      Code (inc. data)   RO Data    RW Data    ZI Data      Debug   Library Name

      1476         50         40          0         96       1788   c_w.l
      3734        200          0          0          0       2088   fz_ws.l
        76          0          0          0          0         84   m_ws.l

    ----------------------------------------------------------------------
      5302        250         42          0        100       3960   Library Totals

    ----------------------------------------------------------------------

==============================================================================


      Code (inc. data)   RO Data    RW Data    ZI Data      Debug   

     87250       3882       7938        632      21704     596393   Grand Totals
     87250       3882       7938        172      21704     596393   ELF Image Totals (compressed)
     87250       3882       7938        172          0          0   ROM Totals

==============================================================================

    Total RO  Size (Code + RO Data)                95188 (  92.96kB)
    Total RW  Size (RW Data + ZI Data)             22336 (  21.81kB)
    Total ROM Size (Code + RO Data + RW Data)      95360 (  93.13kB)

==============================================================================

